<html>
<body>
<pre>
<h1>µVision Build Log</h1>
<h2>Tool Versions:</h2>
IDE-Version: ¦ÌVision V5.24.2.0
Copyright (C) 2017 ARM Ltd and ARM Germany GmbH. All rights reserved.
License Information: 1 246926601@qq.com, 1, LIC=VGXG8-3SEU9-EV21R-KS36V-RY7SE-XLVH8
 
Tool Versions:
Toolchain:       MDK-ARM Plus  Version: 5.24.1
Toolchain Path:  C:\Keil_v5\ARM\ARMCC\Bin
C Compiler:      Armcc.exe V5.06 update 5 (build 528)
Assembler:       Armasm.exe V5.06 update 5 (build 528)
Linker/Locator:  ArmLink.exe V5.06 update 5 (build 528)
Library Manager: ArmAr.exe V5.06 update 5 (build 528)
Hex Converter:   FromElf.exe V5.06 update 5 (build 528)
CPU DLL:         SARMCM3.DLL V5.24.1
Dialog DLL:      DCM.DLL V1.16.0.0
Target DLL:      STLink\ST-LINKIII-KEIL_SWO.dll V3.0.1.0
Dialog DLL:      TCM.DLL V1.32.0.0
 
<h2>Project:</h2>
D:\STM32-1\1.uvprojx
Project File Date:  03/12/2026

<h2>Output:</h2>
*** Using Compiler 'V5.06 update 5 (build 528)', folder: 'C:\Keil_v5\ARM\ARMCC\Bin'
Rebuild target 'Target 1'
assembling startup_stm32f10x_md.s...
compiling core_cm3.c...
compiling main.c...
compiling stm32f10x_it.c...
compiling stm32f10x_crc.c...
compiling stm32f10x_bkp.c...
compiling misc.c...
compiling system_stm32f10x.c...
compiling stm32f10x_cec.c...
compiling stm32f10x_adc.c...
compiling stm32f10x_can.c...
compiling stm32f10x_dac.c...
compiling stm32f10x_dbgmcu.c...
compiling stm32f10x_dma.c...
compiling stm32f10x_exti.c...
compiling stm32f10x_gpio.c...
compiling stm32f10x_flash.c...
compiling stm32f10x_fsmc.c...
compiling stm32f10x_iwdg.c...
compiling stm32f10x_pwr.c...
compiling stm32f10x_i2c.c...
compiling stm32f10x_rtc.c...
compiling stm32f10x_rcc.c...
compiling stm32f10x_sdio.c...
compiling stm32f10x_spi.c...
compiling stm32f10x_usart.c...
compiling stm32f10x_wwdg.c...
compiling stm32f10x_tim.c...
compiling spi.c...
System\spi.h(42): warning:  #1-D: last line of file ends without a newline
  #endif
System\spi.c: 1 warning, 0 errors
compiling usart.c...
System\usart.h(13): warning:  #1-D: last line of file ends without a newline
  #endif
System\usart.c(45): warning:  #1-D: last line of file ends without a newline
  }
System\usart.c: 2 warnings, 0 errors
compiling pwm.c...
System\pwm.h(21): warning:  #1-D: last line of file ends without a newline
  #endif
System\pwm.c: 1 warning, 0 errors
compiling led.c...
System\led.h(15): warning:  #1-D: last line of file ends without a newline
  #endif
System\led.c: 1 warning, 0 errors
compiling adc.c...
System\adc.h(11): warning:  #1-D: last line of file ends without a newline
  #endif
System\adc.c(47): warning:  #1-D: last line of file ends without a newline
  }
System\adc.c: 2 warnings, 0 errors
compiling delay.c...
System\delay.h(12): warning:  #1-D: last line of file ends without a newline
  #endif
System\delay.c(20): warning:  #1-D: last line of file ends without a newline
  }
System\delay.c: 2 warnings, 0 errors
compiling i2c.c...
System\i2c.h(50): warning:  #1-D: last line of file ends without a newline
  #endif
System\delay.h(12): warning:  #1-D: last line of file ends without a newline
  #endif
System\i2c.c: 2 warnings, 0 errors
compiling nrf24l01.c...
compiling croutine.c...
compiling event_groups.c...
compiling queue.c...
compiling stream_buffer.c...
compiling mpu6050.c...
.\System\i2c.h(50): warning:  #1-D: last line of file ends without a newline
  #endif
HardWare\mpu6050.h(66): warning:  #1295-D: Deprecated declaration MPU6050_Init - give arg types
  uint8_t MPU6050_Init();
HardWare\mpu6050.c: 2 warnings, 0 errors
compiling timers.c...
compiling list.c...
compiling tasks.c...
compiling heap_4.c...
compiling port.c...
linking...
Program Size: Code=1444 RO-data=268 RW-data=64 ZI-data=1832  
".\Objects\1.axf" - 0 Error(s), 13 Warning(s).

<h2>Software Packages used:</h2>

Package Vendor: Keil
                http://www.keil.com/pack/Keil.STM32F1xx_DFP.2.2.0.pack
                Keil.STM32F1xx_DFP.2.2.0
                STMicroelectronics STM32F1 Series Device Support, Drivers and Examples

<h2>Collection of Component include folders:</h2>
  .\RTE\_Target_1
  C:\Keil_v5\ARM\PACK\Keil\STM32F1xx_DFP\2.2.0\Device\Include

<h2>Collection of Component Files used:</h2>
Build Time Elapsed:  00:00:03
</pre>
</body>
</html>
