Component: ARM Compiler 5.06 update 5 (build 528) Tool: armlink [4d35e2]

==============================================================================

Section Cross References

    startup_stm32f10x_md.o(STACK) refers (Special) to heapauxi.o(.text) for __use_two_region_memory
    startup_stm32f10x_md.o(HEAP) refers (Special) to heapauxi.o(.text) for __use_two_region_memory
    startup_stm32f10x_md.o(RESET) refers (Special) to heapauxi.o(.text) for __use_two_region_memory
    startup_stm32f10x_md.o(RESET) refers to startup_stm32f10x_md.o(STACK) for __initial_sp
    startup_stm32f10x_md.o(RESET) refers to startup_stm32f10x_md.o(.text) for Reset_Handler
    startup_stm32f10x_md.o(RESET) refers to stm32f10x_it.o(i.NMI_Handler) for NMI_Handler
    startup_stm32f10x_md.o(RESET) refers to stm32f10x_it.o(i.HardFault_Handler) for HardFault_Handler
    startup_stm32f10x_md.o(RESET) refers to stm32f10x_it.o(i.MemManage_Handler) for MemManage_Handler
    startup_stm32f10x_md.o(RESET) refers to stm32f10x_it.o(i.BusFault_Handler) for BusFault_Handler
    startup_stm32f10x_md.o(RESET) refers to stm32f10x_it.o(i.UsageFault_Handler) for UsageFault_Handler
    startup_stm32f10x_md.o(RESET) refers to stm32f10x_it.o(i.DebugMon_Handler) for DebugMon_Handler
    startup_stm32f10x_md.o(RESET) refers to port.o(.emb_text) for PendSV_Handler
    startup_stm32f10x_md.o(RESET) refers to port.o(i.SysTick_Handler) for SysTick_Handler
    startup_stm32f10x_md.o(.text) refers (Special) to heapauxi.o(.text) for __use_two_region_memory
    startup_stm32f10x_md.o(.text) refers to system_stm32f10x.o(i.SystemInit) for SystemInit
    startup_stm32f10x_md.o(.text) refers to __main.o(!!!main) for __main
    startup_stm32f10x_md.o(.text) refers to startup_stm32f10x_md.o(HEAP) for Heap_Mem
    startup_stm32f10x_md.o(.text) refers to startup_stm32f10x_md.o(STACK) for Stack_Mem
    system_stm32f10x.o(i.SetSysClock) refers to system_stm32f10x.o(i.SetSysClockTo72) for SetSysClockTo72
    system_stm32f10x.o(i.SystemCoreClockUpdate) refers to system_stm32f10x.o(.data) for SystemCoreClock
    system_stm32f10x.o(i.SystemInit) refers to system_stm32f10x.o(i.SetSysClock) for SetSysClock
    main.o(i.ADC_RawToPercent) refers to fflt_clz.o(x$fpl$ffltu) for __aeabi_ui2f
    main.o(i.ADC_RawToPercent) refers to fdiv.o(x$fpl$fdiv) for __aeabi_fdiv
    main.o(i.ADC_RawToPercent) refers to fmul.o(x$fpl$fmul) for __aeabi_fmul
    main.o(i.ADC_RawToPercent) refers to fflt_clz.o(x$fpl$fflt) for __aeabi_i2f
    main.o(i.ADC_RawToPercent) refers to faddsub_clz.o(x$fpl$fsub) for __aeabi_fsub
    main.o(i.ADC_RawToPercent) refers to faddsub_clz.o(x$fpl$fadd) for __aeabi_fadd
    main.o(i.ADC_RawToPercent) refers to frleqf.o(x$fpl$frleqf) for __aeabi_cfrcmple
    main.o(i.ADC_RawToPercent) refers to fleqf.o(x$fpl$fleqf) for __aeabi_cfcmple
    main.o(i.Fly_Control_Task) refers to rt_memclr_w.o(.text) for __aeabi_memclr4
    main.o(i.Fly_Control_Task) refers to noretval__2printf.o(.text) for __2printf
    main.o(i.Fly_Control_Task) refers to queue.o(i.xQueueReceive) for xQueueReceive
    main.o(i.Fly_Control_Task) refers to fdiv.o(x$fpl$fdiv) for __aeabi_fdiv
    main.o(i.Fly_Control_Task) refers to fmul.o(x$fpl$fmul) for __aeabi_fmul
    main.o(i.Fly_Control_Task) refers to faddsub_clz.o(x$fpl$fadd) for __aeabi_fadd
    main.o(i.Fly_Control_Task) refers to fly_ctrl.o(i.Fly_Control_SetTarget) for Fly_Control_SetTarget
    main.o(i.Fly_Control_Task) refers to fly_ctrl.o(i.Fly_Control_Update) for Fly_Control_Update
    main.o(i.Fly_Control_Task) refers to fly_ctrl.o(i.Fly_Control_GetMotorOut) for Fly_Control_GetMotorOut
    main.o(i.Fly_Control_Task) refers to queue.o(i.xQueueGenericSend) for xQueueGenericSend
    main.o(i.Fly_Control_Task) refers to main.o(.data) for sensor_queue
    main.o(i.LowPassFilter) refers to fmul.o(x$fpl$fmul) for __aeabi_fmul
    main.o(i.LowPassFilter) refers to faddsub_clz.o(x$fpl$fsub) for __aeabi_fsub
    main.o(i.LowPassFilter) refers to faddsub_clz.o(x$fpl$fadd) for __aeabi_fadd
    main.o(i.Monitor_Task) refers to _printf_percent.o(.ARM.Collect$$_printf_percent$$00000000) for _printf_percent
    main.o(i.Monitor_Task) refers to _printf_d.o(.ARM.Collect$$_printf_percent$$00000009) for _printf_d
    main.o(i.Monitor_Task) refers to _printf_dec.o(.text) for _printf_int_dec
    main.o(i.Monitor_Task) refers to _printf_s.o(.ARM.Collect$$_printf_percent$$00000014) for _printf_s
    main.o(i.Monitor_Task) refers to _printf_str.o(.text) for _printf_str
    main.o(i.Monitor_Task) refers to tasks.o(i.xTaskGetTickCount) for xTaskGetTickCount
    main.o(i.Monitor_Task) refers to rt_memclr_w.o(.text) for __aeabi_memclr4
    main.o(i.Monitor_Task) refers to queue.o(i.xQueuePeek) for xQueuePeek
    main.o(i.Monitor_Task) refers to noretval__2printf.o(.text) for __2printf
    main.o(i.Monitor_Task) refers to ffix.o(x$fpl$ffix) for __aeabi_f2iz
    main.o(i.Monitor_Task) refers to tasks.o(i.xTaskDelayUntil) for xTaskDelayUntil
[...]
    i.MPU6050_WriteReg                       0x08001220   Section        0  mpu6050.o(i.MPU6050_WriteReg)
    MPU6050_WriteReg                         0x08001221   Thumb Code    18  mpu6050.o(i.MPU6050_WriteReg)
    i.MemManage_Handler                      0x08001232   Section        0  stm32f10x_it.o(i.MemManage_Handler)
    i.Monitor_Task                           0x08001238   Section        0  main.o(i.Monitor_Task)
    i.NMI_Handler                            0x0800149c   Section        0  stm32f10x_it.o(i.NMI_Handler)
    i.NRF24_Check                            0x080014a0   Section        0  nrf24l01.o(i.NRF24_Check)
    i.NRF24_ClearIRQFlags                    0x080014f0   Section        0  nrf24l01.o(i.NRF24_ClearIRQFlags)
    i.NRF24_FlushRx                          0x080014fc   Section        0  nrf24l01.o(i.NRF24_FlushRx)
    i.NRF24_FlushTx                          0x0800151c   Section        0  nrf24l01.o(i.NRF24_FlushTx)
    i.NRF24_GPIO_SPI_Init                    0x0800153c   Section        0  nrf24l01.o(i.NRF24_GPIO_SPI_Init)
    i.NRF24_IsDataReady                      0x08001608   Section        0  nrf24l01.o(i.NRF24_IsDataReady)
    i.NRF24_ReadBuf                          0x08001620   Section        0  nrf24l01.o(i.NRF24_ReadBuf)
    i.NRF24_ReadReg                          0x08001668   Section        0  nrf24l01.o(i.NRF24_ReadReg)
    i.NRF24_ReceivePacket                    0x08001694   Section        0  nrf24l01.o(i.NRF24_ReceivePacket)
    i.NRF24_ReceiveRocketData                0x080016f0   Section        0  main.o(i.NRF24_ReceiveRocketData)
    NRF24_ReceiveRocketData                  0x080016f1   Thumb Code   180  main.o(i.NRF24_ReceiveRocketData)
    i.NRF24_SPI_RW                           0x080017b0   Section        0  nrf24l01.o(i.NRF24_SPI_RW)
    NRF24_SPI_RW                             0x080017b1   Thumb Code    50  nrf24l01.o(i.NRF24_SPI_RW)
    i.NRF24_SPI_WaitDone                     0x080017e8   Section        0  nrf24l01.o(i.NRF24_SPI_WaitDone)
    NRF24_SPI_WaitDone                       0x080017e9   Thumb Code    18  nrf24l01.o(i.NRF24_SPI_WaitDone)
    i.NRF24_SetMode                          0x08001800   Section        0  nrf24l01.o(i.NRF24_SetMode)
    i.NRF24_WriteBuf                         0x080018d0   Section        0  nrf24l01.o(i.NRF24_WriteBuf)
    i.NRF24_WriteReg                         0x08001914   Section        0  nrf24l01.o(i.NRF24_WriteReg)
    i.NVIC_Init                              0x0800194c   Section        0  misc.o(i.NVIC_Init)
    i.PID_Init                               0x080019bc   Section        0  pid.o(i.PID_Init)
    i.PID_Output                             0x080019ce   Section        0  pid.o(i.PID_Output)
    i.PID_limit                              0x08001a48   Section        0  pid.o(i.PID_limit)
    PID_limit                                0x08001a49   Thumb Code    44  pid.o(i.PID_limit)
    i.PWM_SerCompare1                        0x08001a74   Section        0  pwm.o(i.PWM_SerCompare1)
    i.PWM_SerCompare2                        0x08001a84   Section        0  pwm.o(i.PWM_SerCompare2)
    i.PWM_SerCompare3                        0x08001a94   Section        0  pwm.o(i.PWM_SerCompare3)
    i.PWM_SerCompare4                        0x08001aa8   Section        0  pwm.o(i.PWM_SerCompare4)
    i.RCC_APB2PeriphClockCmd                 0x08001abc   Section        0  stm32f10x_rcc.o(i.RCC_APB2PeriphClockCmd)
    i.RCC_GetClocksFreq                      0x08001adc   Section        0  stm32f10x_rcc.o(i.RCC_GetClocksFreq)
    i.RC_Checksum8                           0x08001bb0   Section        0  nrf24l01.o(i.RC_Checksum8)
    RC_Checksum8                             0x08001bb1   Thumb Code    28  nrf24l01.o(i.RC_Checksum8)
    i.RC_PacketCheck                         0x08001bcc   Section        0  nrf24l01.o(i.RC_PacketCheck)
    i.Rocket_Control_Task                    0x08001bf0   Section        0  main.o(i.Rocket_Control_Task)
    i.SPI_Cmd                                0x08001d20   Section        0  stm32f10x_spi.o(i.SPI_Cmd)
    i.SPI_I2S_GetFlagStatus                  0x08001d38   Section        0  stm32f10x_spi.o(i.SPI_I2S_GetFlagStatus)
    i.SPI_I2S_ReceiveData                    0x08001d4a   Section        0  stm32f10x_spi.o(i.SPI_I2S_ReceiveData)
    i.SPI_I2S_SendData                       0x08001d50   Section        0  stm32f10x_spi.o(i.SPI_I2S_SendData)
    i.SPI_Init                               0x08001d54   Section        0  stm32f10x_spi.o(i.SPI_Init)
    i.Sensor_Read_Task                       0x08001d90   Section        0  main.o(i.Sensor_Read_Task)
    i.SetSysClock                            0x08001df8   Section        0  system_stm32f10x.o(i.SetSysClock)
    SetSysClock                              0x08001df9   Thumb Code     8  system_stm32f10x.o(i.SetSysClock)
    i.SetSysClockTo72                        0x08001e00   Section        0  system_stm32f10x.o(i.SetSysClockTo72)
    SetSysClockTo72                          0x08001e01   Thumb Code   214  system_stm32f10x.o(i.SetSysClockTo72)
    i.Soft_I2C_Ack                           0x08001ee0   Section        0  i2c.o(i.Soft_I2C_Ack)
    i.Soft_I2C_Init                          0x08001f1c   Section        0  i2c.o(i.Soft_I2C_Init)
    i.Soft_I2C_NoAck                         0x08001f48   Section        0  i2c.o(i.Soft_I2C_NoAck)
    i.Soft_I2C_Read                          0x08001f7c   Section        0  i2c.o(i.Soft_I2C_Read)
    i.Soft_I2C_ReadByte                      0x08002008   Section        0  i2c.o(i.Soft_I2C_ReadByte)
    i.Soft_I2C_ReadByte_Point                0x0800205c   Section        0  i2c.o(i.Soft_I2C_ReadByte_Point)
    i.Soft_I2C_SCL_OutOD                     0x080020c8   Section        0  i2c.o(i.Soft_I2C_SCL_OutOD)
    Soft_I2C_SCL_OutOD                       0x080020c9   Thumb Code    24  i2c.o(i.Soft_I2C_SCL_OutOD)
    i.Soft_I2C_SendByte                      0x080020e4   Section        0  i2c.o(i.Soft_I2C_SendByte)
    i.Soft_I2C_SendByte_Point                0x08002138   Section        0  i2c.o(i.Soft_I2C_SendByte_Point)
    i.Soft_I2C_Start                         0x0800218c   Section        0  i2c.o(i.Soft_I2C_Start)
    i.Soft_I2C_Stop                          0x080021c0   Section        0  i2c.o(i.Soft_I2C_Stop)
    i.Soft_I2C_WaitAck                       0x080021f4   Section        0  i2c.o(i.Soft_I2C_WaitAck)
    i.Soft_SDA_InPut                         0x08002258   Section        0  i2c.o(i.Soft_SDA_InPut)
    i.Soft_SDA_OutPut                        0x08002280   Section        0  i2c.o(i.Soft_SDA_OutPut)
    i.SysTick_Handler                        0x0800229c   Section        0  port.o(i.SysTick_Handler)
    i.SystemInit                             0x080022d0   Section        0  system_stm32f10x.o(i.SystemInit)
    i.TIM_SetCompare3                        0x08002330   Section        0  stm32f10x_tim.o(i.TIM_SetCompare3)
    i.TIM_SetCompare4                        0x08002334   Section        0  stm32f10x_tim.o(i.TIM_SetCompare4)
    i.UART_Init                              0x0800233c   Section        0  usart.o(i.UART_Init)
    i.USART_Cmd                              0x080023bc   Section        0  stm32f10x_usart.o(i.USART_Cmd)
    i.USART_GetFlagStatus                    0x080023d4   Section        0  stm32f10x_usart.o(i.USART_GetFlagStatus)
    i.USART_Init                             0x080023f0   Section        0  stm32f10x_usart.o(i.USART_Init)
    i.USART_SendData                         0x080024c8   Section        0  stm32f10x_usart.o(i.USART_SendData)
    i.UsageFault_Handler                     0x080024d0   Section        0  stm32f10x_it.o(i.UsageFault_Handler)
    i.__ARM_fpclassifyf                      0x080024d4   Section        0  fpclassifyf.o(i.__ARM_fpclassifyf)
    i.__mathlib_flt_infnan2                  0x080024fa   Section        0  funder.o(i.__mathlib_flt_infnan2)
    i.__mathlib_flt_underflow                0x080024fe   Section        0  funder.o(i.__mathlib_flt_underflow)
    i._sys_exit                              0x08002508   Section        0  usart.o(i._sys_exit)
    i.atan2f                                 0x08002510   Section        0  atan2f.o(i.atan2f)
    i.fputc                                  0x0800276c   Section        0  usart.o(i.fputc)
    i.main                                   0x08002790   Section        0  main.o(i.main)
    i.prvAddCurrentTaskToDelayedList         0x08002bf0   Section        0  tasks.o(i.prvAddCurrentTaskToDelayedList)
    prvAddCurrentTaskToDelayedList           0x08002bf1   Thumb Code   164  tasks.o(i.prvAddCurrentTaskToDelayedList)
    i.prvAddNewTaskToReadyList               0x08002cb0   Section        0  tasks.o(i.prvAddNewTaskToReadyList)
    prvAddNewTaskToReadyList                 0x08002cb1   Thumb Code   200  tasks.o(i.prvAddNewTaskToReadyList)
    i.prvCheckTasksWaitingTermination        0x08002d94   Section        0  tasks.o(i.prvCheckTasksWaitingTermination)
    prvCheckTasksWaitingTermination          0x08002d95   Thumb Code    60  tasks.o(i.prvCheckTasksWaitingTermination)
    i.prvCopyDataFromQueue                   0x08002ddc   Section        0  queue.o(i.prvCopyDataFromQueue)
    prvCopyDataFromQueue                     0x08002ddd   Thumb Code    42  queue.o(i.prvCopyDataFromQueue)
    i.prvCopyDataToQueue                     0x08002e06   Section        0  queue.o(i.prvCopyDataToQueue)
    prvCopyDataToQueue                       0x08002e07   Thumb Code   126  queue.o(i.prvCopyDataToQueue)
    i.prvDeleteTCB                           0x08002e84   Section        0  tasks.o(i.prvDeleteTCB)
    prvDeleteTCB                             0x08002e85   Thumb Code    18  tasks.o(i.prvDeleteTCB)
    i.prvHeapInit                            0x08002e98   Section        0  heap_4.o(i.prvHeapInit)
    prvHeapInit                              0x08002e99   Thumb Code    90  heap_4.o(i.prvHeapInit)
    i.prvIdleTask                            0x08002f08   Section        0  tasks.o(i.prvIdleTask)
    prvIdleTask                              0x08002f09   Thumb Code    32  tasks.o(i.prvIdleTask)
    i.prvInitialiseNewQueue                  0x08002f30   Section        0  queue.o(i.prvInitialiseNewQueue)
    prvInitialiseNewQueue                    0x08002f31   Thumb Code    42  queue.o(i.prvInitialiseNewQueue)
    i.prvInitialiseNewTask                   0x08002f5a   Section        0  tasks.o(i.prvInitialiseNewTask)
    prvInitialiseNewTask                     0x08002f5b   Thumb Code   124  tasks.o(i.prvInitialiseNewTask)
    i.prvInitialiseTaskLists                 0x08002fd8   Section        0  tasks.o(i.prvInitialiseTaskLists)
    prvInitialiseTaskLists                   0x08002fd9   Thumb Code    70  tasks.o(i.prvInitialiseTaskLists)
    i.prvInsertBlockIntoFreeList             0x08003040   Section        0  heap_4.o(i.prvInsertBlockIntoFreeList)
    prvInsertBlockIntoFreeList               0x08003041   Thumb Code    96  heap_4.o(i.prvInsertBlockIntoFreeList)
    i.prvIsQueueEmpty                        0x080030a8   Section        0  queue.o(i.prvIsQueueEmpty)
    prvIsQueueEmpty                          0x080030a9   Thumb Code    26  queue.o(i.prvIsQueueEmpty)
    i.prvIsQueueFull                         0x080030c2   Section        0  queue.o(i.prvIsQueueFull)
    prvIsQueueFull                           0x080030c3   Thumb Code    30  queue.o(i.prvIsQueueFull)
    i.prvNotifyQueueSetContainer             0x080030e0   Section        0  queue.o(i.prvNotifyQueueSetContainer)
    prvNotifyQueueSetContainer               0x080030e1   Thumb Code    88  queue.o(i.prvNotifyQueueSetContainer)
    i.prvResetNextTaskUnblockTime            0x08003138   Section        0  tasks.o(i.prvResetNextTaskUnblockTime)
    prvResetNextTaskUnblockTime              0x08003139   Thumb Code    40  tasks.o(i.prvResetNextTaskUnblockTime)
    i.prvTaskExitError                       0x08003168   Section        0  port.o(i.prvTaskExitError)
    prvTaskExitError                         0x08003169   Thumb Code    22  port.o(i.prvTaskExitError)
    i.prvUnlockQueue                         0x0800317e   Section        0  queue.o(i.prvUnlockQueue)
    prvUnlockQueue                           0x0800317f   Thumb Code   144  queue.o(i.prvUnlockQueue)
    i.pvPortMalloc                           0x08003210   Section        0  heap_4.o(i.pvPortMalloc)
    i.pxPortInitialiseStack                  0x080032f4   Section        0  port.o(i.pxPortInitialiseStack)
    i.sqrtf                                  0x08003318   Section        0  sqrtf.o(i.sqrtf)
    i.uxListRemove                           0x08003344   Section        0  list.o(i.uxListRemove)
    i.uxTaskGetNumberOfTasks                 0x0800336c   Section        0  tasks.o(i.uxTaskGetNumberOfTasks)
    i.vListInitialise                        0x08003378   Section        0  list.o(i.vListInitialise)
    i.vListInitialiseItem                    0x08003392   Section        0  list.o(i.vListInitialiseItem)
    i.vListInsert                            0x08003398   Section        0  list.o(i.vListInsert)
    i.vPortEnterCritical                     0x080033cc   Section        0  port.o(i.vPortEnterCritical)
    i.vPortExitCritical                      0x080033f0   Section        0  port.o(i.vPortExitCritical)
    i.vPortFree                              0x08003410   Section        0  heap_4.o(i.vPortFree)
    i.vPortSetupTimerInterrupt               0x0800345c   Section        0  port.o(i.vPortSetupTimerInterrupt)
    i.vTaskDelay                             0x08003474   Section        0  tasks.o(i.vTaskDelay)
    i.vTaskInternalSetTimeOutState           0x080034a8   Section        0  tasks.o(i.vTaskInternalSetTimeOutState)
    i.vTaskMissedYield                       0x080034c0   Section        0  tasks.o(i.vTaskMissedYield)
    i.vTaskPlaceOnEventList                  0x080034cc   Section        0  tasks.o(i.vTaskPlaceOnEventList)
    i.vTaskStartScheduler                    0x080034ec   Section        0  tasks.o(i.vTaskStartScheduler)
    i.vTaskSuspendAll                        0x08003558   Section        0  tasks.o(i.vTaskSuspendAll)
    i.vTaskSwitchContext                     0x08003568   Section        0  tasks.o(i.vTaskSwitchContext)
    i.xPortStartScheduler                    0x080035c8   Section        0  port.o(i.xPortStartScheduler)
    i.xQueueGenericCreate                    0x080035fc   Section        0  queue.o(i.xQueueGenericCreate)
    i.xQueueGenericReset                     0x08003648   Section        0  queue.o(i.xQueueGenericReset)
    i.xQueueGenericSend                      0x080036e8   Section        0  queue.o(i.xQueueGenericSend)
    i.xQueuePeek                             0x08003830   Section        0  queue.o(i.xQueuePeek)
    i.xQueueReceive                          0x0800393c   Section        0  queue.o(i.xQueueReceive)
    i.xTaskCheckForTimeOut                   0x08003a40   Section        0  tasks.o(i.xTaskCheckForTimeOut)
    i.xTaskCreate                            0x08003aa0   Section        0  tasks.o(i.xTaskCreate)
    i.xTaskDelayUntil                        0x08003b08   Section        0  tasks.o(i.xTaskDelayUntil)
    i.xTaskGetTickCount                      0x08003b7c   Section        0  tasks.o(i.xTaskGetTickCount)
    i.xTaskIncrementTick                     0x08003b88   Section        0  tasks.o(i.xTaskIncrementTick)
    i.xTaskPriorityDisinherit                0x08003d18   Section        0  tasks.o(i.xTaskPriorityDisinherit)
    i.xTaskRemoveFromEventList               0x08003dc4   Section        0  tasks.o(i.xTaskRemoveFromEventList)
    i.xTaskResumeAll                         0x08003ecc   Section        0  tasks.o(i.xTaskResumeAll)
    x$fpl$fadd                               0x08004028   Section      196  faddsub_clz.o(x$fpl$fadd)
    _fadd1                                   0x08004037   Thumb Code     0  faddsub_clz.o(x$fpl$fadd)
    x$fpl$fcheck1                            0x080040ec   Section       12  fcheck1.o(x$fpl$fcheck1)
    x$fpl$fcmpinf                            0x080040f8   Section       24  fcmpi.o(x$fpl$fcmpinf)
    x$fpl$fdiv                               0x08004110   Section      388  fdiv.o(x$fpl$fdiv)
    _fdiv1                                   0x08004111   Thumb Code     0  fdiv.o(x$fpl$fdiv)
    x$fpl$ffix                               0x08004294   Section       54  ffix.o(x$fpl$ffix)
    x$fpl$ffixu                              0x080042cc   Section       62  ffixu.o(x$fpl$ffixu)
    x$fpl$fflt                               0x0800430c   Section       48  fflt_clz.o(x$fpl$fflt)
    x$fpl$ffltu                              0x0800433c   Section       38  fflt_clz.o(x$fpl$ffltu)
    x$fpl$fleqf                              0x08004364   Section      104  fleqf.o(x$fpl$fleqf)
    x$fpl$fmul                               0x080043cc   Section      258  fmul.o(x$fpl$fmul)
    x$fpl$fnaninf                            0x080044ce   Section      140  fnaninf.o(x$fpl$fnaninf)
    x$fpl$fretinf                            0x0800455a   Section       10  fretinf.o(x$fpl$fretinf)
    x$fpl$frleqf                             0x08004564   Section       98  frleqf.o(x$fpl$frleqf)
    x$fpl$frsb                               0x080045c6   Section       20  faddsub_clz.o(x$fpl$frsb)
    x$fpl$fsqrt                              0x080045dc   Section      272  fsqrt.o(x$fpl$fsqrt)
    x$fpl$fsub                               0x080046ec   Section      234  faddsub_clz.o(x$fpl$fsub)
    _fsub1                                   0x080046fb   Thumb Code     0  faddsub_clz.o(x$fpl$fsub)
    x$fpl$retnan                             0x080047d6   Section      100  retnan.o(x$fpl$retnan)
    x$fpl$scalbnf                            0x0800483a   Section       76  scalbnf.o(x$fpl$scalbnf)
    x$fpl$trapveneer                         0x08004886   Section       48  trapv.o(x$fpl$trapveneer)
    x$fpl$usenofp                            0x080048b6   Section        0  usenofp.o(x$fpl$usenofp)
    .data                                    0x20000000   Section       28  main.o(.data)
    rocket_queue                             0x20000004   Data           4  main.o(.data)
    motor_queue                              0x20000008   Data           4  main.o(.data)
    last_throttle                            0x2000000c   Data           4  main.o(.data)
    last_roll                                0x20000010   Data           4  main.o(.data)
    last_pitch                               0x20000014   Data           4  main.o(.data)
    last_yaw                                 0x20000018   Data           4  main.o(.data)
    .data                                    0x2000001c   Section       20  stm32f10x_rcc.o(.data)
    APBAHBPrescTable                         0x2000001c   Data          16  stm32f10x_rcc.o(.data)
    ADCPrescTable                            0x2000002c   Data           4  stm32f10x_rcc.o(.data)
    .data                                    0x20000030   Section        8  usart.o(.data)
    .data                                    0x20000038   Section       24  mpu6050.o(.data)
    gyro_x_offset                            0x20000040   Data           4  mpu6050.o(.data)
    gyro_y_offset                            0x20000044   Data           4  mpu6050.o(.data)
    gyro_z_offset                            0x20000048   Data           4  mpu6050.o(.data)
    g_sensor_queue                           0x2000004c   Data           4  mpu6050.o(.data)
    .data                                    0x20000050   Section       64  tasks.o(.data)
    pxDelayedTaskList                        0x20000054   Data           4  tasks.o(.data)
    pxOverflowDelayedTaskList                0x20000058   Data           4  tasks.o(.data)
    uxDeletedTasksWaitingCleanUp             0x2000005c   Data           4  tasks.o(.data)
    uxCurrentNumberOfTasks                   0x20000060   Data           4  tasks.o(.data)
    xTickCount                               0x20000064   Data           4  tasks.o(.data)
    uxTopReadyPriority                       0x20000068   Data           4  tasks.o(.data)
    xSchedulerRunning                        0x2000006c   Data           4  tasks.o(.data)
    xPendedTicks                             0x20000070   Data           4  tasks.o(.data)
    xYieldPending                            0x20000074   Data           4  tasks.o(.data)
    xNumOfOverflows                          0x20000078   Data           4  tasks.o(.data)
    uxTaskNumber                             0x2000007c   Data           4  tasks.o(.data)
    xNextTaskUnblockTime                     0x20000080   Data           4  tasks.o(.data)
    xIdleTaskHandle                          0x20000084   Data           4  tasks.o(.data)
    uxSchedulerSuspended                     0x2000008c   Data           4  tasks.o(.data)
    .data                                    0x20000090   Section       28  heap_4.o(.data)
    xStart                                   0x20000090   Data           8  heap_4.o(.data)
    pxEnd                                    0x20000098   Data           4  heap_4.o(.data)
    xFreeBytesRemaining                      0x2000009c   Data           4  heap_4.o(.data)
    xMinimumEverFreeBytesRemaining           0x200000a0   Data           4  heap_4.o(.data)
    xNumberOfSuccessfulAllocations           0x200000a4   Data           4  heap_4.o(.data)
    xNumberOfSuccessfulFrees                 0x200000a8   Data           4  heap_4.o(.data)
    .data                                    0x200000ac   Section        4  port.o(.data)
    uxCriticalNesting                        0x200000ac   Data           4  port.o(.data)
    .bss                                     0x200000b0   Section       24  mpu6050.o(.bss)
    g_mpu6050_angle                          0x200000b0   Data          12  mpu6050.o(.bss)
    g_mpu6050_gyro                           0x200000bc   Data          12  mpu6050.o(.bss)
    .bss                                     0x200000c8   Section      172  fly_ctrl.o(.bss)
    pid_roll_angle                           0x200000c8   Data          28  fly_ctrl.o(.bss)
    pid_pitch_angle                          0x200000e4   Data          28  fly_ctrl.o(.bss)
    pid_roll_rate                            0x20000100   Data          28  fly_ctrl.o(.bss)
    pid_pitch_rate                           0x2000011c   Data          28  fly_ctrl.o(.bss)
    pid_yaw_rate                             0x20000138   Data          28  fly_ctrl.o(.bss)
    fly_target                               0x20000154   Data          16  fly_ctrl.o(.bss)
    motor_out                                0x20000164   Data          16  fly_ctrl.o(.bss)
    .bss                                     0x20000174   Section      200  tasks.o(.bss)
    pxReadyTasksLists                        0x20000174   Data         100  tasks.o(.bss)
    xDelayedTaskList1                        0x200001d8   Data          20  tasks.o(.bss)
    xDelayedTaskList2                        0x200001ec   Data          20  tasks.o(.bss)
    xPendingReadyList                        0x20000200   Data          20  tasks.o(.bss)
    xTasksWaitingTermination                 0x20000214   Data          20  tasks.o(.bss)
    xSuspendedTaskList                       0x20000228   Data          20  tasks.o(.bss)
    .bss                                     0x2000023c   Section    24576  heap_4.o(.bss)
    ucHeap                                   0x2000023c   Data       24576  heap_4.o(.bss)
    .bss                                     0x2000623c   Section       96  libspace.o(.bss)
    HEAP                                     0x200062a0   Section      512  startup_stm32f10x_md.o(HEAP)
    Heap_Mem                                 0x200062a0   Data         512  startup_stm32f10x_md.o(HEAP)
    STACK                                    0x200064a0   Section     1024  startup_stm32f10x_md.o(STACK)
    Stack_Mem                                0x200064a0   Data        1024  startup_stm32f10x_md.o(STACK)
    __initial_sp                             0x200068a0   Data           0  startup_stm32f10x_md.o(STACK)

    Global Symbols

    Symbol Name                              Value     Ov Type        Size  Object(Section)

    BuildAttributes$$THM_ISAv4$P$D$K$B$S$PE$A:L22UL41UL21$X:L11$S22US41US21$IEEE1$IW$USESV6$~STKCKD$USESV7$~SHL$OTIME$ROPI$IEEEX$EBA8$UX$STANDARDLIB$REQ8$PRES8$EABIv2 0x00000000   Number         0  anon$$obj.o ABSOLUTE
    __ARM_use_no_argv                        0x00000000   Number         0  main.o ABSOLUTE
    __ARM_exceptions_init                     - Undefined Weak Reference
    __alloca_initialize                       - Undefined Weak Reference
    __arm_preinit_                            - Undefined Weak Reference
    __cpp_initialize__aeabi_                  - Undefined Weak Reference
    __cxa_finalize                            - Undefined Weak Reference
    __rt_locale                               - Undefined Weak Reference
    __sigvec_lookup                           - Undefined Weak Reference
    _atexit_init                              - Undefined Weak Reference
    _call_atexit_fns                          - Undefined Weak Reference
    _clock_init                               - Undefined Weak Reference
    _fp_trap_init                             - Undefined Weak Reference
    _fp_trap_shutdown                         - Undefined Weak Reference
    _get_lc_collate                           - Undefined Weak Reference
    _get_lc_ctype                             - Undefined Weak Reference
    _get_lc_monetary                          - Undefined Weak Reference
    _get_lc_numeric                           - Undefined Weak Reference
    _get_lc_time                              - Undefined Weak Reference
    _getenv_init                              - Undefined Weak Reference
    _handle_redirection                       - Undefined Weak Reference
    _init_alloc                               - Undefined Weak Reference
    _init_user_alloc                          - Undefined Weak Reference
    _initio                                   - Undefined Weak Reference
    _mutex_acquire                            - Undefined Weak Reference
    _mutex_release                            - Undefined Weak Reference
    _printf_mbtowc                            - Undefined Weak Reference
    _printf_post_padding                      - Undefined Weak Reference
    _printf_pre_padding                       - Undefined Weak Reference
    _printf_truncate_signed                   - Undefined Weak Reference
    _printf_truncate_unsigned                 - Undefined Weak Reference
    _rand_init                                - Undefined Weak Reference
    _signal_finish                            - Undefined Weak Reference
    _signal_init                              - Undefined Weak Reference
    _terminate_alloc                          - Undefined Weak Reference
    _terminate_user_alloc                     - Undefined Weak Reference
    _terminateio                              - Undefined Weak Reference
    __Vectors_Size                           0x000000ec   Number         0  startup_stm32f10x_md.o ABSOLUTE
    __Vectors                                0x08000000   Data           4  startup_stm32f10x_md.o(RESET)
    __Vectors_End                            0x080000ec   Data           0  startup_stm32f10x_md.o(RESET)
    __main                                   0x080000ed   Thumb Code     8  __main.o(!!!main)
    __scatterload                            0x080000f5   Thumb Code     0  __scatter.o(!!!scatter)
    __scatterload_rt2                        0x080000f5   Thumb Code    44  __scatter.o(!!!scatter)
    __scatterload_rt2_thumb_only             0x080000f5   Thumb Code     0  __scatter.o(!!!scatter)
    __scatterload_null                       0x08000103   Thumb Code     0  __scatter.o(!!!scatter)
    __scatterload_copy                       0x08000129   Thumb Code    26  __scatter_copy.o(!!handler_copy)
    __scatterload_zeroinit                   0x08000145   Thumb Code    28  __scatter_zi.o(!!handler_zi)
    _printf_d                                0x08000161   Thumb Code     0  _printf_d.o(.ARM.Collect$$_printf_percent$$00000009)
    _printf_percent                          0x08000161   Thumb Code     0  _printf_percent.o(.ARM.Collect$$_printf_percent$$00000000)
    _printf_s                                0x08000167   Thumb Code     0  _printf_s.o(.ARM.Collect$$_printf_percent$$00000014)
    _printf_percent_end                      0x0800016d   Thumb Code     0  _printf_percent_end.o(.ARM.Collect$$_printf_percent$$00000017)
    __rt_lib_init                            0x08000171   Thumb Code     0  libinit.o(.ARM.Collect$$libinit$$00000000)
    __rt_lib_init_alloca_1                   0x08000173   Thumb Code     0  libinit2.o(.ARM.Collect$$libinit$$0000002E)
    __rt_lib_init_argv_1                     0x08000173   Thumb Code     0  libinit2.o(.ARM.Collect$$libinit$$0000002C)
    __rt_lib_init_atexit_1                   0x08000173   Thumb Code     0  libinit2.o(.ARM.Collect$$libinit$$0000001B)
    __rt_lib_init_clock_1                    0x08000173   Thumb Code     0  libinit2.o(.ARM.Collect$$libinit$$00000021)
    __rt_lib_init_cpp_1                      0x08000173   Thumb Code     0  libinit2.o(.ARM.Collect$$libinit$$00000032)
    __rt_lib_init_exceptions_1               0x08000173   Thumb Code     0  libinit2.o(.ARM.Collect$$libinit$$00000030)
    __rt_lib_init_fp_1                       0x08000173   Thumb Code     0  libinit2.o(.ARM.Collect$$libinit$$00000002)
    __rt_lib_init_fp_trap_1                  0x08000173   Thumb Code     0  libinit2.o(.ARM.Collect$$libinit$$0000001F)
    __rt_lib_init_getenv_1                   0x08000173   Thumb Code     0  libinit2.o(.ARM.Collect$$libinit$$00000023)
    __rt_lib_init_heap_1                     0x08000173   Thumb Code     0  libinit2.o(.ARM.Collect$$libinit$$0000000A)
    __rt_lib_init_lc_collate_1               0x08000173   Thumb Code     0  libinit2.o(.ARM.Collect$$libinit$$00000011)
    __rt_lib_init_lc_ctype_1                 0x08000173   Thumb Code     0  libinit2.o(.ARM.Collect$$libinit$$00000013)
    __rt_lib_init_lc_monetary_1              0x08000173   Thumb Code     0  libinit2.o(.ARM.Collect$$libinit$$00000015)
    __rt_lib_init_lc_numeric_1               0x08000173   Thumb Code     0  libinit2.o(.ARM.Collect$$libinit$$00000017)
    __rt_lib_init_lc_time_1                  0x08000173   Thumb Code     0  libinit2.o(.ARM.Collect$$libinit$$00000019)
    __rt_lib_init_preinit_1                  0x08000173   Thumb Code     0  libinit2.o(.ARM.Collect$$libinit$$00000004)
    __rt_lib_init_rand_1                     0x08000173   Thumb Code     0  libinit2.o(.ARM.Collect$$libinit$$0000000E)
    __rt_lib_init_return                     0x08000173   Thumb Code     0  libinit2.o(.ARM.Collect$$libinit$$00000033)
    __rt_lib_init_signal_1                   0x08000173   Thumb Code     0  libinit2.o(.ARM.Collect$$libinit$$0000001D)
    __rt_lib_init_stdio_1                    0x08000173   Thumb Code     0  libinit2.o(.ARM.Collect$$libinit$$00000025)
    __rt_lib_init_user_alloc_1               0x08000173   Thumb Code     0  libinit2.o(.ARM.Collect$$libinit$$0000000C)
    __rt_lib_shutdown                        0x08000175   Thumb Code     0  libshutdown.o(.ARM.Collect$$libshutdown$$00000000)
    __rt_lib_shutdown_cpp_1                  0x08000177   Thumb Code     0  libshutdown2.o(.ARM.Collect$$libshutdown$$00000002)
    __rt_lib_shutdown_fp_trap_1              0x08000177   Thumb Code     0  libshutdown2.o(.ARM.Collect$$libshutdown$$00000007)
    __rt_lib_shutdown_heap_1                 0x08000177   Thumb Code     0  libshutdown2.o(.ARM.Collect$$libshutdown$$0000000F)
    __rt_lib_shutdown_return                 0x08000177   Thumb Code     0  libshutdown2.o(.ARM.Collect$$libshutdown$$00000010)
    __rt_lib_shutdown_signal_1               0x08000177   Thumb Code     0  libshutdown2.o(.ARM.Collect$$libshutdown$$0000000A)
    __rt_lib_shutdown_stdio_1                0x08000177   Thumb Code     0  libshutdown2.o(.ARM.Collect$$libshutdown$$00000004)
    __rt_lib_shutdown_user_alloc_1           0x08000177   Thumb Code     0  libshutdown2.o(.ARM.Collect$$libshutdown$$0000000C)
    __rt_entry                               0x08000179   Thumb Code     0  __rtentry.o(.ARM.Collect$$rtentry$$00000000)
    __rt_entry_presh_1                       0x08000179   Thumb Code     0  __rtentry2.o(.ARM.Collect$$rtentry$$00000002)
    __rt_entry_sh                            0x08000179   Thumb Code     0  __rtentry4.o(.ARM.Collect$$rtentry$$00000004)
    __rt_entry_li                            0x0800017f   Thumb Code     0  __rtentry2.o(.ARM.Collect$$rtentry$$0000000A)
    __rt_entry_postsh_1                      0x0800017f   Thumb Code     0  __rtentry2.o(.ARM.Collect$$rtentry$$00000009)
    __rt_entry_main                          0x08000183   Thumb Code     0  __rtentry2.o(.ARM.Collect$$rtentry$$0000000D)
    __rt_entry_postli_1                      0x08000183   Thumb Code     0  __rtentry2.o(.ARM.Collect$$rtentry$$0000000C)
    __rt_exit                                0x0800018b   Thumb Code     0  rtexit.o(.ARM.Collect$$rtexit$$00000000)
    __rt_exit_ls                             0x0800018d   Thumb Code     0  rtexit2.o(.ARM.Collect$$rtexit$$00000003)
    __rt_exit_prels_1                        0x0800018d   Thumb Code     0  rtexit2.o(.ARM.Collect$$rtexit$$00000002)
    __rt_exit_exit                           0x08000191   Thumb Code     0  rtexit2.o(.ARM.Collect$$rtexit$$00000004)
    vPortSVCHandler                          0x08000199   Thumb Code    32  port.o(.emb_text)
    __asm___6_port_c_39a90d8d__prvStartFirstTask 0x080001bd   Thumb Code    28  port.o(.emb_text)
    PendSV_Handler                           0x080001dd   Thumb Code    72  port.o(.emb_text)
    vPortGetIPSR                             0x08000229   Thumb Code     6  port.o(.emb_text)
    Reset_Handler                            0x08000231   Thumb Code     8  startup_stm32f10x_md.o(.text)
    SVC_Handler                              0x08000243   Thumb Code     2  startup_stm32f10x_md.o(.text)
    ADC1_2_IRQHandler                        0x0800024b   Thumb Code     0  startup_stm32f10x_md.o(.text)
    CAN1_RX1_IRQHandler                      0x0800024b   Thumb Code     0  startup_stm32f10x_md.o(.text)
    CAN1_SCE_IRQHandler                      0x0800024b   Thumb Code     0  startup_stm32f10x_md.o(.text)
    DMA1_Channel1_IRQHandler                 0x0800024b   Thumb Code     0  startup_stm32f10x_md.o(.text)
    DMA1_Channel2_IRQHandler                 0x0800024b   Thumb Code     0  startup_stm32f10x_md.o(.text)
    DMA1_Channel3_IRQHandler                 0x0800024b   Thumb Code     0  startup_stm32f10x_md.o(.text)
    DMA1_Channel4_IRQHandler                 0x0800024b   Thumb Code     0  startup_stm32f10x_md.o(.text)
    DMA1_Channel5_IRQHandler                 0x0800024b   Thumb Code     0  startup_stm32f10x_md.o(.text)
    DMA1_Channel6_IRQHandler                 0x0800024b   Thumb Code     0  startup_stm32f10x_md.o(.text)
    DMA1_Channel7_IRQHandler                 0x0800024b   Thumb Code     0  startup_stm32f10x_md.o(.text)
    EXTI0_IRQHandler                         0x0800024b   Thumb Code     0  startup_stm32f10x_md.o(.text)
    EXTI15_10_IRQHandler                     0x0800024b   Thumb Code     0  startup_stm32f10x_md.o(.text)
    EXTI1_IRQHandler                         0x0800024b   Thumb Code     0  startup_stm32f10x_md.o(.text)
    EXTI2_IRQHandler                         0x0800024b   Thumb Code     0  startup_stm32f10x_md.o(.text)
    EXTI3_IRQHandler                         0x0800024b   Thumb Code     0  startup_stm32f10x_md.o(.text)
    EXTI4_IRQHandler                         0x0800024b   Thumb Code     0  startup_stm32f10x_md.o(.text)
    EXTI9_5_IRQHandler                       0x0800024b   Thumb Code     0  startup_stm32f10x_md.o(.text)
    FLASH_IRQHandler                         0x0800024b   Thumb Code     0  startup_stm32f10x_md.o(.text)
    I2C1_ER_IRQHandler                       0x0800024b   Thumb Code     0  startup_stm32f10x_md.o(.text)
    I2C1_EV_IRQHandler                       0x0800024b   Thumb Code     0  startup_stm32f10x_md.o(.text)
    I2C2_ER_IRQHandler                       0x0800024b   Thumb Code     0  startup_stm32f10x_md.o(.text)
    I2C2_EV_IRQHandler                       0x0800024b   Thumb Code     0  startup_stm32f10x_md.o(.text)
    PVD_IRQHandler                           0x0800024b   Thumb Code     0  startup_stm32f10x_md.o(.text)
    RCC_IRQHandler                           0x0800024b   Thumb Code     0  startup_stm32f10x_md.o(.text)
    RTCAlarm_IRQHandler                      0x0800024b   Thumb Code     0  startup_stm32f10x_md.o(.text)
    RTC_IRQHandler                           0x0800024b   Thumb Code     0  startup_stm32f10x_md.o(.text)
    SPI1_IRQHandler                          0x0800024b   Thumb Code     0  startup_stm32f10x_md.o(.text)
    SPI2_IRQHandler                          0x0800024b   Thumb Code     0  startup_stm32f10x_md.o(.text)
    TAMPER_IRQHandler                        0x0800024b   Thumb Code     0  startup_stm32f10x_md.o(.text)
    TIM1_BRK_IRQHandler                      0x0800024b   Thumb Code     0  startup_stm32f10x_md.o(.text)
    TIM1_CC_IRQHandler                       0x0800024b   Thumb Code     0  startup_stm32f10x_md.o(.text)
    TIM1_TRG_COM_IRQHandler                  0x0800024b   Thumb Code     0  startup_stm32f10x_md.o(.text)
    TIM1_UP_IRQHandler                       0x0800024b   Thumb Code     0  startup_stm32f10x_md.o(.text)
    TIM2_IRQHandler                          0x0800024b   Thumb Code     0  startup_stm32f10x_md.o(.text)
    TIM3_IRQHandler                          0x0800024b   Thumb Code     0  startup_stm32f10x_md.o(.text)
    TIM4_IRQHandler                          0x0800024b   Thumb Code     0  startup_stm32f10x_md.o(.text)
    USART1_IRQHandler                        0x0800024b   Thumb Code     0  startup_stm32f10x_md.o(.text)
    USART2_IRQHandler                        0x0800024b   Thumb Code     0  startup_stm32f10x_md.o(.text)
    USART3_IRQHandler                        0x0800024b   Thumb Code     0  startup_stm32f10x_md.o(.text)
    USBWakeUp_IRQHandler                     0x0800024b   Thumb Code     0  startup_stm32f10x_md.o(.text)
    USB_HP_CAN1_TX_IRQHandler                0x0800024b   Thumb Code     0  startup_stm32f10x_md.o(.text)
    USB_LP_CAN1_RX0_IRQHandler               0x0800024b   Thumb Code     0  startup_stm32f10x_md.o(.text)
    WWDG_IRQHandler                          0x0800024b   Thumb Code     0  startup_stm32f10x_md.o(.text)
    __user_initial_stackheap                 0x0800024d   Thumb Code     0  startup_stm32f10x_md.o(.text)
    __I$use$semihosting                      0x08000271   Thumb Code     0  use_no_semi.o(.text)
    __use_no_semihosting_swi                 0x08000271   Thumb Code     2  use_no_semi.o(.text)
    __2printf                                0x08000275   Thumb Code    20  noretval__2printf.o(.text)
    __printf                                 0x0800028d   Thumb Code   104  __printf.o(.text)
    _printf_str                              0x080002f5   Thumb Code    82  _printf_str.o(.text)
    _printf_int_dec                          0x08000349   Thumb Code   104  _printf_dec.o(.text)
    __aeabi_memcpy                           0x080003c1   Thumb Code     0  rt_memcpy_v6.o(.text)
    __rt_memcpy                              0x080003c1   Thumb Code   138  rt_memcpy_v6.o(.text)
    _memcpy_lastbytes                        0x08000427   Thumb Code     0  rt_memcpy_v6.o(.text)
    __aeabi_memclr4                          0x0800044b   Thumb Code     0  rt_memclr_w.o(.text)
    __aeabi_memclr8                          0x0800044b   Thumb Code     0  rt_memclr_w.o(.text)
    __rt_memclr_w                            0x0800044b   Thumb Code    78  rt_memclr_w.o(.text)
    _memset_w                                0x0800044f   Thumb Code     0  rt_memclr_w.o(.text)
    __use_two_region_memory                  0x08000499   Thumb Code     2  heapauxi.o(.text)
    __rt_heap_escrow$2region                 0x0800049b   Thumb Code     2  heapauxi.o(.text)
    __rt_heap_expand$2region                 0x0800049d   Thumb Code     2  heapauxi.o(.text)
    __read_errno                             0x0800049f   Thumb Code    10  _rserrno.o(.text)
    __set_errno                              0x080004a9   Thumb Code    12  _rserrno.o(.text)
    _printf_int_common                       0x080004b5   Thumb Code   178  _printf_intcommon.o(.text)
    _printf_cs_common                        0x08000567   Thumb Code    20  _printf_char.o(.text)
    _printf_char                             0x0800057b   Thumb Code    16  _printf_char.o(.text)
    _printf_string                           0x0800058b   Thumb Code     8  _printf_char.o(.text)
    _printf_char_file                        0x08000595   Thumb Code    32  _printf_char_file.o(.text)
    __aeabi_memcpy4                          0x080005b9   Thumb Code     0  rt_memcpy_w.o(.text)
    __aeabi_memcpy8                          0x080005b9   Thumb Code     0  rt_memcpy_w.o(.text)
    __rt_memcpy_w                            0x080005b9   Thumb Code   100  rt_memcpy_w.o(.text)
    _memcpy_lastbytes_aligned                0x08000601   Thumb Code     0  rt_memcpy_w.o(.text)
    __aeabi_errno_addr                       0x0800061d   Thumb Code     8  rt_errno_addr_intlibspace.o(.text)
    __errno$intlibspace                      0x0800061d   Thumb Code     0  rt_errno_addr_intlibspace.o(.text)
    __rt_errno_addr$intlibspace              0x0800061d   Thumb Code     0  rt_errno_addr_intlibspace.o(.text)
    _printf_char_common                      0x0800062f   Thumb Code    32  _printf_char_common.o(.text)
    ferror                                   0x08000655   Thumb Code     8  ferror.o(.text)
    __user_libspace                          0x0800065d   Thumb Code     8  libspace.o(.text)
    __user_perproc_libspace                  0x0800065d   Thumb Code     0  libspace.o(.text)
    __user_perthread_libspace                0x0800065d   Thumb Code     0  libspace.o(.text)
    __user_setup_stackheap                   0x08000665   Thumb Code    74  sys_stackheap_outer.o(.text)
    exit                                     0x080006af   Thumb Code    18  exit.o(.text)
    BusFault_Handler                         0x080006c1   Thumb Code     4  stm32f10x_it.o(i.BusFault_Handler)
    DebugMon_Handler                         0x080006c5   Thumb Code     2  stm32f10x_it.o(i.DebugMon_Handler)
    Delay_ms                                 0x080006c7   Thumb Code    24  delay.o(i.Delay_ms)
    Delay_us                                 0x080006df   Thumb Code    46  delay.o(i.Delay_us)
    EXTI_Init                                0x0800070d   Thumb Code   142  stm32f10x_exti.o(i.EXTI_Init)
    FC_ReceiveControl                        0x080007a1   Thumb Code    40  nrf24l01.o(i.FC_ReceiveControl)
    Fly_Control_GetMotorOut                  0x080007c9   Thumb Code    22  fly_ctrl.o(i.Fly_Control_GetMotorOut)
    Fly_Control_SetTarget                    0x080007e5   Thumb Code    14  fly_ctrl.o(i.Fly_Control_SetTarget)
    Fly_Control_Task                         0x080007f9   Thumb Code   238  main.o(i.Fly_Control_Task)
    Fly_Control_Update                       0x0800097d   Thumb Code   362  fly_ctrl.o(i.Fly_Control_Update)
    Fly_Init                                 0x08000b0d   Thumb Code   108  fly_ctrl.o(i.Fly_Init)
    GPIO_EXTILineConfig                      0x08000ba9   Thumb Code    60  stm32f10x_gpio.o(i.GPIO_EXTILineConfig)
    GPIO_Init                                0x08000be9   Thumb Code   278  stm32f10x_gpio.o(i.GPIO_Init)
    GPIO_ResetBits                           0x08000cff   Thumb Code     4  stm32f10x_gpio.o(i.GPIO_ResetBits)
    GPIO_SetBits                             0x08000d03   Thumb Code     4  stm32f10x_gpio.o(i.GPIO_SetBits)
    HardFault_Handler                        0x08000d07   Thumb Code     4  stm32f10x_it.o(i.HardFault_Handler)
    MPU6050_AngleUpdate                      0x08000d65   Thumb Code   358  mpu6050.o(i.MPU6050_AngleUpdate)
    MPU6050_GetAngle                         0x08000ef5   Thumb Code    26  mpu6050.o(i.MPU6050_GetAngle)
    MPU6050_GetData                          0x08000f15   Thumb Code   130  mpu6050.o(i.MPU6050_GetData)
    MPU6050_GetGyro                          0x08000f9d   Thumb Code    26  mpu6050.o(i.MPU6050_GetGyro)
    MPU6050_GetID                            0x08000fbd   Thumb Code    20  mpu6050.o(i.MPU6050_GetID)
    MPU6050_GetRawData                       0x08000fd1   Thumb Code   130  mpu6050.o(i.MPU6050_GetRawData)
    MPU6050_GyroCalibrate                    0x08001055   Thumb Code   166  mpu6050.o(i.MPU6050_GyroCalibrate)
    MPU6050_INT_Init                         0x08001109   Thumb Code   136  mpu6050.o(i.MPU6050_INT_Init)
    MPU6050_Init                             0x08001195   Thumb Code   122  mpu6050.o(i.MPU6050_Init)
    MemManage_Handler                        0x08001233   Thumb Code     4  stm32f10x_it.o(i.MemManage_Handler)
    Monitor_Task                             0x08001239   Thumb Code   296  main.o(i.Monitor_Task)
    NMI_Handler                              0x0800149d   Thumb Code     2  stm32f10x_it.o(i.NMI_Handler)
    NRF24_Check                              0x080014a1   Thumb Code    70  nrf24l01.o(i.NRF24_Check)
    NRF24_ClearIRQFlags                      0x080014f1   Thumb Code    12  nrf24l01.o(i.NRF24_ClearIRQFlags)
    NRF24_FlushRx                            0x080014fd   Thumb Code    26  nrf24l01.o(i.NRF24_FlushRx)
    NRF24_FlushTx                            0x0800151d   Thumb Code    26  nrf24l01.o(i.NRF24_FlushTx)
    NRF24_GPIO_SPI_Init                      0x0800153d   Thumb Code   196  nrf24l01.o(i.NRF24_GPIO_SPI_Init)
    NRF24_IsDataReady                        0x08001609   Thumb Code    24  nrf24l01.o(i.NRF24_IsDataReady)
    NRF24_ReadBuf                            0x08001621   Thumb Code    68  nrf24l01.o(i.NRF24_ReadBuf)
    NRF24_ReadReg                            0x08001669   Thumb Code    40  nrf24l01.o(i.NRF24_ReadReg)
    NRF24_ReceivePacket                      0x08001695   Thumb Code    88  nrf24l01.o(i.NRF24_ReceivePacket)
    NRF24_SetMode                            0x08001801   Thumb Code   202  nrf24l01.o(i.NRF24_SetMode)
    NRF24_WriteBuf                           0x080018d1   Thumb Code    64  nrf24l01.o(i.NRF24_WriteBuf)
    NRF24_WriteReg                           0x08001915   Thumb Code    50  nrf24l01.o(i.NRF24_WriteReg)
    NVIC_Init                                0x0800194d   Thumb Code   100  misc.o(i.NVIC_Init)
    PID_Init                                 0x080019bd   Thumb Code    18  pid.o(i.PID_Init)
    PID_Output                               0x080019cf   Thumb Code   122  pid.o(i.PID_Output)
    PWM_SerCompare1                          0x08001a75   Thumb Code    16  pwm.o(i.PWM_SerCompare1)
    PWM_SerCompare2                          0x08001a85   Thumb Code    16  pwm.o(i.PWM_SerCompare2)
    PWM_SerCompare3                          0x08001a95   Thumb Code    14  pwm.o(i.PWM_SerCompare3)
    PWM_SerCompare4                          0x08001aa9   Thumb Code    14  pwm.o(i.PWM_SerCompare4)
    RCC_APB2PeriphClockCmd                   0x08001abd   Thumb Code    26  stm32f10x_rcc.o(i.RCC_APB2PeriphClockCmd)
    RCC_GetClocksFreq                        0x08001add   Thumb Code   192  stm32f10x_rcc.o(i.RCC_GetClocksFreq)
    RC_PacketCheck                           0x08001bcd   Thumb Code    34  nrf24l01.o(i.RC_PacketCheck)
    Rocket_Control_Task                      0x08001bf1   Thumb Code   182  main.o(i.Rocket_Control_Task)
    SPI_Cmd                                  0x08001d21   Thumb Code    24  stm32f10x_spi.o(i.SPI_Cmd)
    SPI_I2S_GetFlagStatus                    0x08001d39   Thumb Code    18  stm32f10x_spi.o(i.SPI_I2S_GetFlagStatus)
    SPI_I2S_ReceiveData                      0x08001d4b   Thumb Code     6  stm32f10x_spi.o(i.SPI_I2S_ReceiveData)
    SPI_I2S_SendData                         0x08001d51   Thumb Code     4  stm32f10x_spi.o(i.SPI_I2S_SendData)
    SPI_Init                                 0x08001d55   Thumb Code    60  stm32f10x_spi.o(i.SPI_Init)
    Sensor_Read_Task                         0x08001d91   Thumb Code    40  main.o(i.Sensor_Read_Task)
    Soft_I2C_Ack                             0x08001ee1   Thumb Code    54  i2c.o(i.Soft_I2C_Ack)
    Soft_I2C_Init                            0x08001f1d   Thumb Code    34  i2c.o(i.Soft_I2C_Init)
    Soft_I2C_NoAck                           0x08001f49   Thumb Code    46  i2c.o(i.Soft_I2C_NoAck)
    Soft_I2C_Read                            0x08001f7d   Thumb Code   140  i2c.o(i.Soft_I2C_Read)
    Soft_I2C_ReadByte                        0x08002009   Thumb Code    78  i2c.o(i.Soft_I2C_ReadByte)
    Soft_I2C_ReadByte_Point                  0x0800205d   Thumb Code   108  i2c.o(i.Soft_I2C_ReadByte_Point)
    Soft_I2C_SendByte                        0x080020e5   Thumb Code    80  i2c.o(i.Soft_I2C_SendByte)
    Soft_I2C_SendByte_Point                  0x08002139   Thumb Code    82  i2c.o(i.Soft_I2C_SendByte_Point)
    Soft_I2C_Start                           0x0800218d   Thumb Code    46  i2c.o(i.Soft_I2C_Start)
    Soft_I2C_Stop                            0x080021c1   Thumb Code    48  i2c.o(i.Soft_I2C_Stop)
    Soft_I2C_WaitAck                         0x080021f5   Thumb Code    94  i2c.o(i.Soft_I2C_WaitAck)
    Soft_SDA_InPut                           0x08002259   Thumb Code    34  i2c.o(i.Soft_SDA_InPut)
    Soft_SDA_OutPut                          0x08002281   Thumb Code    24  i2c.o(i.Soft_SDA_OutPut)
    SysTick_Handler                          0x0800229d   Thumb Code    46  port.o(i.SysTick_Handler)
    SystemInit                               0x080022d1   Thumb Code    78  system_stm32f10x.o(i.SystemInit)
    TIM_SetCompare3                          0x08002331   Thumb Code     4  stm32f10x_tim.o(i.TIM_SetCompare3)
    TIM_SetCompare4                          0x08002335   Thumb Code     6  stm32f10x_tim.o(i.TIM_SetCompare4)
    UART_Init                                0x0800233d   Thumb Code   120  usart.o(i.UART_Init)
    USART_Cmd                                0x080023bd   Thumb Code    24  stm32f10x_usart.o(i.USART_Cmd)
    USART_GetFlagStatus                      0x080023d5   Thumb Code    26  stm32f10x_usart.o(i.USART_GetFlagStatus)
    USART_Init                               0x080023f1   Thumb Code   210  stm32f10x_usart.o(i.USART_Init)
    USART_SendData                           0x080024c9   Thumb Code     8  stm32f10x_usart.o(i.USART_SendData)
    UsageFault_Handler                       0x080024d1   Thumb Code     4  stm32f10x_it.o(i.UsageFault_Handler)
    __ARM_fpclassifyf                        0x080024d5   Thumb Code    38  fpclassifyf.o(i.__ARM_fpclassifyf)
    __mathlib_flt_infnan2                    0x080024fb   Thumb Code     4  funder.o(i.__mathlib_flt_infnan2)
    __mathlib_flt_underflow                  0x080024ff   Thumb Code    10  funder.o(i.__mathlib_flt_underflow)
    _sys_exit                                0x08002509   Thumb Code     6  usart.o(i._sys_exit)
    atan2f                                   0x08002511   Thumb Code   528  atan2f.o(i.atan2f)
    fputc                                    0x0800276d   Thumb Code    32  usart.o(i.fputc)
    main                                     0x08002791   Thumb Code   392  main.o(i.main)
    pvPortMalloc                             0x08003211   Thumb Code   208  heap_4.o(i.pvPortMalloc)
    pxPortInitialiseStack                    0x080032f5   Thumb Code    30  port.o(i.pxPortInitialiseStack)
    sqrtf                                    0x08003319   Thumb Code    44  sqrtf.o(i.sqrtf)
    uxListRemove                             0x08003345   Thumb Code    40  list.o(i.uxListRemove)
    uxTaskGetNumberOfTasks                   0x0800336d   Thumb Code     6  tasks.o(i.uxTaskGetNumberOfTasks)
    vListInitialise                          0x08003379   Thumb Code    26  list.o(i.vListInitialise)
    vListInitialiseItem                      0x08003393   Thumb Code     6  list.o(i.vListInitialiseItem)
    vListInsert                              0x08003399   Thumb Code    52  list.o(i.vListInsert)
    vPortEnterCritical                       0x080033cd   Thumb Code    30  port.o(i.vPortEnterCritical)
    vPortExitCritical                        0x080033f1   Thumb Code    28  port.o(i.vPortExitCritical)
    vPortFree                                0x08003411   Thumb Code    68  heap_4.o(i.vPortFree)
    vPortSetupTimerInterrupt                 0x0800345d   Thumb Code    20  port.o(i.vPortSetupTimerInterrupt)
    vTaskDelay                               0x08003475   Thumb Code    46  tasks.o(i.vTaskDelay)
    vTaskInternalSetTimeOutState             0x080034a9   Thumb Code    14  tasks.o(i.vTaskInternalSetTimeOutState)
    vTaskMissedYield                         0x080034c1   Thumb Code     8  tasks.o(i.vTaskMissedYield)
    vTaskPlaceOnEventList                    0x080034cd   Thumb Code    28  tasks.o(i.vTaskPlaceOnEventList)
    vTaskStartScheduler                      0x080034ed   Thumb Code    76  tasks.o(i.vTaskStartScheduler)
    vTaskSuspendAll                          0x08003559   Thumb Code    12  tasks.o(i.vTaskSuspendAll)
    vTaskSwitchContext                       0x08003569   Thumb Code    76  tasks.o(i.vTaskSwitchContext)
    xPortStartScheduler                      0x080035c9   Thumb Code    42  port.o(i.xPortStartScheduler)
    xQueueGenericCreate                      0x080035fd   Thumb Code    76  queue.o(i.xQueueGenericCreate)
    xQueueGenericReset                       0x08003649   Thumb Code   156  queue.o(i.xQueueGenericReset)
    xQueueGenericSend                        0x080036e9   Thumb Code   322  queue.o(i.xQueueGenericSend)
    xQueuePeek                               0x08003831   Thumb Code   262  queue.o(i.xQueuePeek)
    xQueueReceive                            0x0800393d   Thumb Code   256  queue.o(i.xQueueReceive)
    xTaskCheckForTimeOut                     0x08003a41   Thumb Code    88  tasks.o(i.xTaskCheckForTimeOut)
    xTaskCreate                              0x08003aa1   Thumb Code   104  tasks.o(i.xTaskCreate)
    xTaskDelayUntil                          0x08003b09   Thumb Code   108  tasks.o(i.xTaskDelayUntil)
    xTaskGetTickCount                        0x08003b7d   Thumb Code     6  tasks.o(i.xTaskGetTickCount)
    xTaskIncrementTick                       0x08003b89   Thumb Code   356  tasks.o(i.xTaskIncrementTick)
    xTaskPriorityDisinherit                  0x08003d19   Thumb Code   162  tasks.o(i.xTaskPriorityDisinherit)
    xTaskRemoveFromEventList                 0x08003dc5   Thumb Code   240  tasks.o(i.xTaskRemoveFromEventList)
    xTaskResumeAll                           0x08003ecd   Thumb Code   310  tasks.o(i.xTaskResumeAll)
    __aeabi_fadd                             0x08004029   Thumb Code     0  faddsub_clz.o(x$fpl$fadd)
    _fadd                                    0x08004029   Thumb Code   196  faddsub_clz.o(x$fpl$fadd)
    __fpl_fcheck_NaN1                        0x080040ed   Thumb Code     6  fcheck1.o(x$fpl$fcheck1)
    __fpl_fcmp_Inf                           0x080040f9   Thumb Code    24  fcmpi.o(x$fpl$fcmpinf)
    __aeabi_fdiv                             0x08004111   Thumb Code     0  fdiv.o(x$fpl$fdiv)
    _fdiv                                    0x08004111   Thumb Code   384  fdiv.o(x$fpl$fdiv)
    __aeabi_f2iz                             0x08004295   Thumb Code     0  ffix.o(x$fpl$ffix)
    _ffix                                    0x08004295   Thumb Code    54  ffix.o(x$fpl$ffix)
    __aeabi_f2uiz                            0x080042cd   Thumb Code     0  ffixu.o(x$fpl$ffixu)
    _ffixu                                   0x080042cd   Thumb Code    62  ffixu.o(x$fpl$ffixu)
    __aeabi_i2f                              0x0800430d   Thumb Code     0  fflt_clz.o(x$fpl$fflt)
    _fflt                                    0x0800430d   Thumb Code    48  fflt_clz.o(x$fpl$fflt)
    __aeabi_ui2f                             0x0800433d   Thumb Code     0  fflt_clz.o(x$fpl$ffltu)
    _ffltu                                   0x0800433d   Thumb Code    38  fflt_clz.o(x$fpl$ffltu)
    __aeabi_cfcmple                          0x08004365   Thumb Code     0  fleqf.o(x$fpl$fleqf)
    _fcmple                                  0x08004365   Thumb Code   104  fleqf.o(x$fpl$fleqf)
    __fpl_fcmple_InfNaN                      0x080043b7   Thumb Code     0  fleqf.o(x$fpl$fleqf)
    __aeabi_fmul                             0x080043cd   Thumb Code     0  fmul.o(x$fpl$fmul)
    _fmul                                    0x080043cd   Thumb Code   258  fmul.o(x$fpl$fmul)
    __fpl_fnaninf                            0x080044cf   Thumb Code   140  fnaninf.o(x$fpl$fnaninf)
    __fpl_fretinf                            0x0800455b   Thumb Code    10  fretinf.o(x$fpl$fretinf)
    __aeabi_cfrcmple                         0x08004565   Thumb Code     0  frleqf.o(x$fpl$frleqf)
    _frcmple                                 0x08004565   Thumb Code    98  frleqf.o(x$fpl$frleqf)
    __aeabi_frsub                            0x080045c7   Thumb Code     0  faddsub_clz.o(x$fpl$frsb)
    _frsb                                    0x080045c7   Thumb Code    20  faddsub_clz.o(x$fpl$frsb)
    _fsqrt                                   0x080045dd   Thumb Code   272  fsqrt.o(x$fpl$fsqrt)
    __aeabi_fsub                             0x080046ed   Thumb Code     0  faddsub_clz.o(x$fpl$fsub)
    _fsub                                    0x080046ed   Thumb Code   234  faddsub_clz.o(x$fpl$fsub)
    __fpl_return_NaN                         0x080047d7   Thumb Code   100  retnan.o(x$fpl$retnan)
    __ARM_scalbnf                            0x0800483b   Thumb Code    76  scalbnf.o(x$fpl$scalbnf)
    __fpl_cmpreturn                          0x08004887   Thumb Code    48  trapv.o(x$fpl$trapveneer)
    __I$use$fp                               0x080048b6   Number         0  usenofp.o(x$fpl$usenofp)
    Region$$Table$$Base                      0x080048b8   Number         0  anon$$obj.o(Region$$Table)
    Region$$Table$$Limit                     0x080048d8   Number         0  anon$$obj.o(Region$$Table)
    sensor_queue                             0x20000000   Data           4  main.o(.data)
    __stdout                                 0x20000030   Data           4  usart.o(.data)
    __stdin                                  0x20000034   Data           4  usart.o(.data)
    acc_weight                               0x20000038   Data           4  mpu6050.o(.data)
    gyro_weight                              0x2000003c   Data           4  mpu6050.o(.data)
    pxCurrentTCB                             0x20000050   Data           4  tasks.o(.data)
    uxTopUsedPriority                        0x20000088   Data           4  tasks.o(.data)
    __libspace_start                         0x2000623c   Data          96  libspace.o(.bss)
    __temporary_stack_top$libspace           0x2000629c   Data           0  libspace.o(.bss)



==============================================================================

Memory Map of the image

  Image Entry point : 0x08000231

  Load Region LR_1 (Base: 0x08000000, Size: 0x00004988, Max: 0xffffffff, ABSOLUTE)

    Execution Region ER_RO (Exec base: 0x08000000, Load base: 0x08000000, Size: 0x000048d8, Max: 0xffffffff, ABSOLUTE)

    Exec Addr    Load Addr    Size         Type   Attr      Idx    E Section Name        Object

    0x08000000   0x08000000   0x000000ec   Data   RO            3    RESET               startup_stm32f10x_md.o
    0x080000ec   0x080000ec   0x00000008   Code   RO         4995  * !!!main             c_w.l(__main.o)
    0x080000f4   0x080000f4   0x00000034   Code   RO         5251    !!!scatter          c_w.l(__scatter.o)
    0x08000128   0x08000128   0x0000001a   Code   RO         5253    !!handler_copy      c_w.l(__scatter_copy.o)
    0x08000142   0x08000142   0x00000002   PAD
    0x08000144   0x08000144   0x0000001c   Code   RO         5255    !!handler_zi        c_w.l(__scatter_zi.o)
    0x08000160   0x08000160   0x00000000   Code   RO         4986    .ARM.Collect$$_printf_percent$$00000000  c_w.l(_printf_percent.o)
    0x08000160   0x08000160   0x00000006   Code   RO         4985    .ARM.Collect$$_printf_percent$$00000009  c_w.l(_printf_d.o)
    0x08000166   0x08000166   0x00000006   Code   RO         4984    .ARM.Collect$$_printf_percent$$00000014  c_w.l(_printf_s.o)
    0x0800016c   0x0800016c   0x00000004   Code   RO         5052    .ARM.Collect$$_printf_percent$$00000017  c_w.l(_printf_percent_end.o)
    0x08000170   0x08000170   0x00000002   Code   RO         5122    .ARM.Collect$$libinit$$00000000  c_w.l(libinit.o)
    0x08000172   0x08000172   0x00000000   Code   RO         5128    .ARM.Collect$$libinit$$00000002  c_w.l(libinit2.o)
    0x08000172   0x08000172   0x00000000   Code   RO         5130    .ARM.Collect$$libinit$$00000004  c_w.l(libinit2.o)
    0x08000172   0x08000172   0x00000000   Code   RO         5133    .ARM.Collect$$libinit$$0000000A  c_w.l(libinit2.o)
    0x08000172   0x08000172   0x00000000   Code   RO         5135    .ARM.Collect$$libinit$$0000000C  c_w.l(libinit2.o)
    0x08000172   0x08000172   0x00000000   Code   RO         5137    .ARM.Collect$$libinit$$0000000E  c_w.l(libinit2.o)
    0x08000172   0x08000172   0x00000000   Code   RO         5140    .ARM.Collect$$libinit$$00000011  c_w.l(libinit2.o)
    0x08000172   0x08000172   0x00000000   Code   RO         5142    .ARM.Collect$$libinit$$00000013  c_w.l(libinit2.o)
    0x08000172   0x08000172   0x00000000   Code   RO         5144    .ARM.Collect$$libinit$$00000015  c_w.l(libinit2.o)
    0x08000172   0x08000172   0x00000000   Code   RO         5146    .ARM.Collect$$libinit$$00000017  c_w.l(libinit2.o)
    0x08000172   0x08000172   0x00000000   Code   RO         5148    .ARM.Collect$$libinit$$00000019  c_w.l(libinit2.o)
    0x08000172   0x08000172   0x00000000   Code   RO         5150    .ARM.Collect$$libinit$$0000001B  c_w.l(libinit2.o)
    0x08000172   0x08000172   0x00000000   Code   RO         5152    .ARM.Collect$$libinit$$0000001D  c_w.l(libinit2.o)
    0x08000172   0x08000172   0x00000000   Code   RO         5154    .ARM.Collect$$libinit$$0000001F  c_w.l(libinit2.o)
    0x08000172   0x08000172   0x00000000   Code   RO         5156    .ARM.Collect$$libinit$$00000021  c_w.l(libinit2.o)
    0x08000172   0x08000172   0x00000000   Code   RO         5158    .ARM.Collect$$libinit$$00000023  c_w.l(libinit2.o)
    0x08000172   0x08000172   0x00000000   Code   RO         5160    .ARM.Collect$$libinit$$00000025  c_w.l(libinit2.o)
    0x08000172   0x08000172   0x00000000   Code   RO         5164    .ARM.Collect$$libinit$$0000002C  c_w.l(libinit2.o)
    0x08000172   0x08000172   0x00000000   Code   RO         5166    .ARM.Collect$$libinit$$0000002E  c_w.l(libinit2.o)
    0x08000172   0x08000172   0x00000000   Code   RO         5168    .ARM.Collect$$libinit$$00000030  c_w.l(libinit2.o)
    0x08000172   0x08000172   0x00000000   Code   RO         5170    .ARM.Collect$$libinit$$00000032  c_w.l(libinit2.o)
    0x08000172   0x08000172   0x00000002   Code   RO         5171    .ARM.Collect$$libinit$$00000033  c_w.l(libinit2.o)
    0x08000174   0x08000174   0x00000002   Code   RO         5193    .ARM.Collect$$libshutdown$$00000000  c_w.l(libshutdown.o)
    0x08000176   0x08000176   0x00000000   Code   RO         5203    .ARM.Collect$$libshutdown$$00000002  c_w.l(libshutdown2.o)
    0x08000176   0x08000176   0x00000000   Code   RO         5205    .ARM.Collect$$libshutdown$$00000004  c_w.l(libshutdown2.o)
    0x08000176   0x08000176   0x00000000   Code   RO         5208    .ARM.Collect$$libshutdown$$00000007  c_w.l(libshutdown2.o)
    0x08000176   0x08000176   0x00000000   Code   RO         5211    .ARM.Collect$$libshutdown$$0000000A  c_w.l(libshutdown2.o)
    0x08000176   0x08000176   0x00000000   Code   RO         5213    .ARM.Collect$$libshutdown$$0000000C  c_w.l(libshutdown2.o)
    0x08000176   0x08000176   0x00000000   Code   RO         5216    .ARM.Collect$$libshutdown$$0000000F  c_w.l(libshutdown2.o)
    0x08000176   0x08000176   0x00000002   Code   RO         5217    .ARM.Collect$$libshutdown$$00000010  c_w.l(libshutdown2.o)
    0x08000178   0x08000178   0x00000000   Code   RO         5043    .ARM.Collect$$rtentry$$00000000  c_w.l(__rtentry.o)
    0x08000178   0x08000178   0x00000000   Code   RO         5081    .ARM.Collect$$rtentry$$00000002  c_w.l(__rtentry2.o)
    0x08000178   0x08000178   0x00000006   Code   RO         5093    .ARM.Collect$$rtentry$$00000004  c_w.l(__rtentry4.o)
    0x0800017e   0x0800017e   0x00000000   Code   RO         5083    .ARM.Collect$$rtentry$$00000009  c_w.l(__rtentry2.o)
    0x0800017e   0x0800017e   0x00000004   Code   RO         5084    .ARM.Collect$$rtentry$$0000000A  c_w.l(__rtentry2.o)
    0x08000182   0x08000182   0x00000000   Code   RO         5086    .ARM.Collect$$rtentry$$0000000C  c_w.l(__rtentry2.o)
    0x08000182   0x08000182   0x00000008   Code   RO         5087    .ARM.Collect$$rtentry$$0000000D  c_w.l(__rtentry2.o)
    0x0800018a   0x0800018a   0x00000002   Code   RO         5125    .ARM.Collect$$rtexit$$00000000  c_w.l(rtexit.o)
    0x0800018c   0x0800018c   0x00000000   Code   RO         5175    .ARM.Collect$$rtexit$$00000002  c_w.l(rtexit2.o)
    0x0800018c   0x0800018c   0x00000004   Code   RO         5176    .ARM.Collect$$rtexit$$00000003  c_w.l(rtexit2.o)
    0x08000190   0x08000190   0x00000006   Code   RO         5177    .ARM.Collect$$rtexit$$00000004  c_w.l(rtexit2.o)
    0x08000196   0x08000196   0x00000002   PAD
    0x08000198   0x08000198   0x00000096   Code   RO         4879    .emb_text           port.o
    0x0800022e   0x0800022e   0x00000002   PAD
    0x08000230   0x08000230   0x00000040   Code   RO            4  * .text               startup_stm32f10x_md.o
    0x08000270   0x08000270   0x00000002   Code   RO         4952    .text               c_w.l(use_no_semi.o)
    0x08000272   0x08000272   0x00000002   PAD
    0x08000274   0x08000274   0x00000018   Code   RO         4956    .text               c_w.l(noretval__2printf.o)
    0x0800028c   0x0800028c   0x00000068   Code   RO         4958    .text               c_w.l(__printf.o)
    0x080002f4   0x080002f4   0x00000052   Code   RO         4960    .text               c_w.l(_printf_str.o)
    0x08000346   0x08000346   0x00000002   PAD
    0x08000348   0x08000348   0x00000078   Code   RO         4962    .text               c_w.l(_printf_dec.o)
    0x080003c0   0x080003c0   0x0000008a   Code   RO         4987    .text               c_w.l(rt_memcpy_v6.o)
    0x0800044a   0x0800044a   0x0000004e   Code   RO         4991    .text               c_w.l(rt_memclr_w.o)
    0x08000498   0x08000498   0x00000006   Code   RO         4993    .text               c_w.l(heapauxi.o)
    0x0800049e   0x0800049e   0x00000016   Code   RO         5044    .text               c_w.l(_rserrno.o)
    0x080004b4   0x080004b4   0x000000b2   Code   RO         5046    .text               c_w.l(_printf_intcommon.o)
    0x08000566   0x08000566   0x0000002c   Code   RO         5048    .text               c_w.l(_printf_char.o)
    0x08000592   0x08000592   0x00000002   PAD
    0x08000594   0x08000594   0x00000024   Code   RO         5050    .text               c_w.l(_printf_char_file.o)
    0x080005b8   0x080005b8   0x00000064   Code   RO         5053    .text               c_w.l(rt_memcpy_w.o)
    0x0800061c   0x0800061c   0x00000008   Code   RO         5098    .text               c_w.l(rt_errno_addr_intlibspace.o)
    0x08000624   0x08000624   0x00000030   Code   RO         5100    .text               c_w.l(_printf_char_common.o)
    0x08000654   0x08000654   0x00000008   Code   RO         5102    .text               c_w.l(ferror.o)
    0x0800065c   0x0800065c   0x00000008   Code   RO         5108    .text               c_w.l(libspace.o)
    0x08000664   0x08000664   0x0000004a   Code   RO         5111    .text               c_w.l(sys_stackheap_outer.o)
    0x080006ae   0x080006ae   0x00000012   Code   RO         5115    .text               c_w.l(exit.o)
    0x080006c0   0x080006c0   0x00000004   Code   RO          281    i.BusFault_Handler  stm32f10x_it.o
    0x080006c4   0x080006c4   0x00000002   Code   RO          282    i.DebugMon_Handler  stm32f10x_it.o
    0x080006c6   0x080006c6   0x00000018   Code   RO         3624    i.Delay_ms          delay.o
    0x080006de   0x080006de   0x0000002e   Code   RO         3626    i.Delay_us          delay.o
    0x0800070c   0x0800070c   0x00000094   Code   RO         1153    i.EXTI_Init         stm32f10x_exti.o
    0x080007a0   0x080007a0   0x00000028   Code   RO         3768    i.FC_ReceiveControl  nrf24l01.o
    0x080007c8   0x080007c8   0x0000001c   Code   RO         3968    i.Fly_Control_GetMotorOut  fly_ctrl.o
    0x080007e4   0x080007e4   0x00000014   Code   RO         3969    i.Fly_Control_SetTarget  fly_ctrl.o
    0x080007f8   0x080007f8   0x00000184   Code   RO          138    i.Fly_Control_Task  main.o
    0x0800097c   0x0800097c   0x00000190   Code   RO         3970    i.Fly_Control_Update  fly_ctrl.o
    0x08000b0c   0x08000b0c   0x0000009c   Code   RO         3971    i.Fly_Init          fly_ctrl.o
    0x08000ba8   0x08000ba8   0x00000040   Code   RO         1507    i.GPIO_EXTILineConfig  stm32f10x_gpio.o
    0x08000be8   0x08000be8   0x00000116   Code   RO         1510    i.GPIO_Init         stm32f10x_gpio.o
    0x08000cfe   0x08000cfe   0x00000004   Code   RO         1517    i.GPIO_ResetBits    stm32f10x_gpio.o
    0x08000d02   0x08000d02   0x00000004   Code   RO         1518    i.GPIO_SetBits      stm32f10x_gpio.o
    0x08000d06   0x08000d06   0x00000004   Code   RO          283    i.HardFault_Handler  stm32f10x_it.o
    0x08000d0a   0x08000d0a   0x00000028   Code   RO         3972    i.Limit             fly_ctrl.o
    0x08000d32   0x08000d32   0x00000032   Code   RO          139    i.LowPassFilter     main.o
    0x08000d64   0x08000d64   0x00000190   Code   RO         3648    i.MPU6050_AngleUpdate  mpu6050.o
    0x08000ef4   0x08000ef4   0x00000020   Code   RO         3650    i.MPU6050_GetAngle  mpu6050.o
    0x08000f14   0x08000f14   0x00000088   Code   RO         3651    i.MPU6050_GetData   mpu6050.o
    0x08000f9c   0x08000f9c   0x00000020   Code   RO         3652    i.MPU6050_GetGyro   mpu6050.o
    0x08000fbc   0x08000fbc   0x00000014   Code   RO         3654    i.MPU6050_GetID     mpu6050.o
    0x08000fd0   0x08000fd0   0x00000082   Code   RO         3655    i.MPU6050_GetRawData  mpu6050.o
    0x08001052   0x08001052   0x00000002   PAD
    0x08001054   0x08001054   0x000000b4   Code   RO         3656    i.MPU6050_GyroCalibrate  mpu6050.o
    0x08001108   0x08001108   0x0000008c   Code   RO         3658    i.MPU6050_INT_Init  mpu6050.o
    0x08001194   0x08001194   0x0000007a   Code   RO         3660    i.MPU6050_Init      mpu6050.o
    0x0800120e   0x0800120e   0x00000012   Code   RO         3661    i.MPU6050_ReadReg   mpu6050.o
    0x08001220   0x08001220   0x00000012   Code   RO         3664    i.MPU6050_WriteReg  mpu6050.o
    0x08001232   0x08001232   0x00000004   Code   RO          284    i.MemManage_Handler  stm32f10x_it.o
    0x08001236   0x08001236   0x00000002   PAD
    0x08001238   0x08001238   0x00000264   Code   RO          140    i.Monitor_Task      main.o
    0x0800149c   0x0800149c   0x00000002   Code   RO          285    i.NMI_Handler       stm32f10x_it.o
    0x0800149e   0x0800149e   0x00000002   PAD
    0x080014a0   0x080014a0   0x00000050   Code   RO         3769    i.NRF24_Check       nrf24l01.o
    0x080014f0   0x080014f0   0x0000000c   Code   RO         3770    i.NRF24_ClearIRQFlags  nrf24l01.o
    0x080014fc   0x080014fc   0x00000020   Code   RO         3771    i.NRF24_FlushRx     nrf24l01.o
    0x0800151c   0x0800151c   0x00000020   Code   RO         3772    i.NRF24_FlushTx     nrf24l01.o
    0x0800153c   0x0800153c   0x000000cc   Code   RO         3773    i.NRF24_GPIO_SPI_Init  nrf24l01.o
    0x08001608   0x08001608   0x00000018   Code   RO         3774    i.NRF24_IsDataReady  nrf24l01.o
    0x08001620   0x08001620   0x00000048   Code   RO         3775    i.NRF24_ReadBuf     nrf24l01.o
    0x08001668   0x08001668   0x0000002c   Code   RO         3776    i.NRF24_ReadReg     nrf24l01.o
    0x08001694   0x08001694   0x0000005c   Code   RO         3777    i.NRF24_ReceivePacket  nrf24l01.o
    0x080016f0   0x080016f0   0x000000c0   Code   RO          141    i.NRF24_ReceiveRocketData  main.o
    0x080017b0   0x080017b0   0x00000038   Code   RO         3778    i.NRF24_SPI_RW      nrf24l01.o
    0x080017e8   0x080017e8   0x00000018   Code   RO         3779    i.NRF24_SPI_WaitDone  nrf24l01.o
    0x08001800   0x08001800   0x000000d0   Code   RO         3781    i.NRF24_SetMode     nrf24l01.o
    0x080018d0   0x080018d0   0x00000044   Code   RO         3782    i.NRF24_WriteBuf    nrf24l01.o
    0x08001914   0x08001914   0x00000038   Code   RO         3783    i.NRF24_WriteReg    nrf24l01.o
    0x0800194c   0x0800194c   0x00000070   Code   RO          323    i.NVIC_Init         misc.o
    0x080019bc   0x080019bc   0x00000012   Code   RO         3897    i.PID_Init          pid.o
    0x080019ce   0x080019ce   0x0000007a   Code   RO         3898    i.PID_Output        pid.o
    0x08001a48   0x08001a48   0x0000002c   Code   RO         3904    i.PID_limit         pid.o
    0x08001a74   0x08001a74   0x00000010   Code   RO         3458    i.PWM_SerCompare1   pwm.o
    0x08001a84   0x08001a84   0x00000010   Code   RO         3459    i.PWM_SerCompare2   pwm.o
    0x08001a94   0x08001a94   0x00000014   Code   RO         3460    i.PWM_SerCompare3   pwm.o
    0x08001aa8   0x08001aa8   0x00000014   Code   RO         3461    i.PWM_SerCompare4   pwm.o
    0x08001abc   0x08001abc   0x00000020   Code   RO         1940    i.RCC_APB2PeriphClockCmd  stm32f10x_rcc.o
    0x08001adc   0x08001adc   0x000000d4   Code   RO         1948    i.RCC_GetClocksFreq  stm32f10x_rcc.o
    0x08001bb0   0x08001bb0   0x0000001c   Code   RO         3784    i.RC_Checksum8      nrf24l01.o
    0x08001bcc   0x08001bcc   0x00000022   Code   RO         3785    i.RC_PacketCheck    nrf24l01.o
    0x08001bee   0x08001bee   0x00000002   PAD
    0x08001bf0   0x08001bf0   0x00000130   Code   RO          142    i.Rocket_Control_Task  main.o
    0x08001d20   0x08001d20   0x00000018   Code   RO         2426    i.SPI_Cmd           stm32f10x_spi.o
    0x08001d38   0x08001d38   0x00000012   Code   RO         2434    i.SPI_I2S_GetFlagStatus  stm32f10x_spi.o
    0x08001d4a   0x08001d4a   0x00000006   Code   RO         2437    i.SPI_I2S_ReceiveData  stm32f10x_spi.o
    0x08001d50   0x08001d50   0x00000004   Code   RO         2438    i.SPI_I2S_SendData  stm32f10x_spi.o
    0x08001d54   0x08001d54   0x0000003c   Code   RO         2439    i.SPI_Init          stm32f10x_spi.o
    0x08001d90   0x08001d90   0x00000068   Code   RO          143    i.Sensor_Read_Task  main.o
    0x08001df8   0x08001df8   0x00000008   Code   RO           10    i.SetSysClock       system_stm32f10x.o
    0x08001e00   0x08001e00   0x000000e0   Code   RO           11    i.SetSysClockTo72   system_stm32f10x.o
    0x08001ee0   0x08001ee0   0x0000003c   Code   RO         3523    i.Soft_I2C_Ack      i2c.o
    0x08001f1c   0x08001f1c   0x0000002c   Code   RO         3524    i.Soft_I2C_Init     i2c.o
    0x08001f48   0x08001f48   0x00000034   Code   RO         3525    i.Soft_I2C_NoAck    i2c.o
    0x08001f7c   0x08001f7c   0x0000008c   Code   RO         3526    i.Soft_I2C_Read     i2c.o
    0x08002008   0x08002008   0x00000054   Code   RO         3527    i.Soft_I2C_ReadByte  i2c.o
    0x0800205c   0x0800205c   0x0000006c   Code   RO         3528    i.Soft_I2C_ReadByte_Point  i2c.o
    0x080020c8   0x080020c8   0x0000001c   Code   RO         3529    i.Soft_I2C_SCL_OutOD  i2c.o
    0x080020e4   0x080020e4   0x00000054   Code   RO         3531    i.Soft_I2C_SendByte  i2c.o
    0x08002138   0x08002138   0x00000052   Code   RO         3532    i.Soft_I2C_SendByte_Point  i2c.o
    0x0800218a   0x0800218a   0x00000002   PAD
    0x0800218c   0x0800218c   0x00000034   Code   RO         3533    i.Soft_I2C_Start    i2c.o
    0x080021c0   0x080021c0   0x00000034   Code   RO         3534    i.Soft_I2C_Stop     i2c.o
    0x080021f4   0x080021f4   0x00000064   Code   RO         3535    i.Soft_I2C_WaitAck  i2c.o
    0x08002258   0x08002258   0x00000028   Code   RO         3536    i.Soft_SDA_InPut    i2c.o
    0x08002280   0x08002280   0x0000001c   Code   RO         3537    i.Soft_SDA_OutPut   i2c.o
    0x0800229c   0x0800229c   0x00000034   Code   RO         4880    i.SysTick_Handler   port.o
    0x080022d0   0x080022d0   0x00000060   Code   RO           13    i.SystemInit        system_stm32f10x.o
    0x08002330   0x08002330   0x00000004   Code   RO         2647    i.TIM_SetCompare3   stm32f10x_tim.o
    0x08002334   0x08002334   0x00000006   Code   RO         2648    i.TIM_SetCompare4   stm32f10x_tim.o
    0x0800233a   0x0800233a   0x00000002   PAD
    0x0800233c   0x0800233c   0x00000080   Code   RO         3359    i.UART_Init         usart.o
    0x080023bc   0x080023bc   0x00000018   Code   RO         3123    i.USART_Cmd         stm32f10x_usart.o
    0x080023d4   0x080023d4   0x0000001a   Code   RO         3126    i.USART_GetFlagStatus  stm32f10x_usart.o
    0x080023ee   0x080023ee   0x00000002   PAD
    0x080023f0   0x080023f0   0x000000d8   Code   RO         3130    i.USART_Init        stm32f10x_usart.o
    0x080024c8   0x080024c8   0x00000008   Code   RO         3140    i.USART_SendData    stm32f10x_usart.o
    0x080024d0   0x080024d0   0x00000004   Code   RO          286    i.UsageFault_Handler  stm32f10x_it.o
    0x080024d4   0x080024d4   0x00000026   Code   RO         5064    i.__ARM_fpclassifyf  m_ws.l(fpclassifyf.o)
    0x080024fa   0x080024fa   0x00000004   Code   RO         5068    i.__mathlib_flt_infnan2  m_ws.l(funder.o)
    0x080024fe   0x080024fe   0x0000000a   Code   RO         5072    i.__mathlib_flt_underflow  m_ws.l(funder.o)
    0x08002508   0x08002508   0x00000006   Code   RO         3360    i._sys_exit         usart.o
    0x0800250e   0x0800250e   0x00000002   PAD
    0x08002510   0x08002510   0x0000025c   Code   RO         5028    i.atan2f            m_ws.l(atan2f.o)
    0x0800276c   0x0800276c   0x00000024   Code   RO         3361    i.fputc             usart.o
    0x08002790   0x08002790   0x00000460   Code   RO          144    i.main              main.o
    0x08002bf0   0x08002bf0   0x000000c0   Code   RO         4452    i.prvAddCurrentTaskToDelayedList  tasks.o
    0x08002cb0   0x08002cb0   0x000000e4   Code   RO         4453    i.prvAddNewTaskToReadyList  tasks.o
    0x08002d94   0x08002d94   0x00000048   Code   RO         4454    i.prvCheckTasksWaitingTermination  tasks.o
    0x08002ddc   0x08002ddc   0x0000002a   Code   RO         4115    i.prvCopyDataFromQueue  queue.o
    0x08002e06   0x08002e06   0x0000007e   Code   RO         4116    i.prvCopyDataToQueue  queue.o
    0x08002e84   0x08002e84   0x00000012   Code   RO         4455    i.prvDeleteTCB      tasks.o
    0x08002e96   0x08002e96   0x00000002   PAD
    0x08002e98   0x08002e98   0x00000070   Code   RO         4818    i.prvHeapInit       heap_4.o
    0x08002f08   0x08002f08   0x00000028   Code   RO         4456    i.prvIdleTask       tasks.o
    0x08002f30   0x08002f30   0x0000002a   Code   RO         4119    i.prvInitialiseNewQueue  queue.o
    0x08002f5a   0x08002f5a   0x0000007c   Code   RO         4457    i.prvInitialiseNewTask  tasks.o
    0x08002fd6   0x08002fd6   0x00000002   PAD
    0x08002fd8   0x08002fd8   0x00000068   Code   RO         4458    i.prvInitialiseTaskLists  tasks.o
    0x08003040   0x08003040   0x00000068   Code   RO         4819    i.prvInsertBlockIntoFreeList  heap_4.o
    0x080030a8   0x080030a8   0x0000001a   Code   RO         4120    i.prvIsQueueEmpty   queue.o
    0x080030c2   0x080030c2   0x0000001e   Code   RO         4121    i.prvIsQueueFull    queue.o
    0x080030e0   0x080030e0   0x00000058   Code   RO         4122    i.prvNotifyQueueSetContainer  queue.o
    0x08003138   0x08003138   0x00000030   Code   RO         4459    i.prvResetNextTaskUnblockTime  tasks.o
    0x08003168   0x08003168   0x00000016   Code   RO         4881    i.prvTaskExitError  port.o
    0x0800317e   0x0800317e   0x00000090   Code   RO         4123    i.prvUnlockQueue    queue.o
    0x0800320e   0x0800320e   0x00000002   PAD
    0x08003210   0x08003210   0x000000e4   Code   RO         4821    i.pvPortMalloc      heap_4.o
    0x080032f4   0x080032f4   0x00000024   Code   RO         4882    i.pxPortInitialiseStack  port.o
    0x08003318   0x08003318   0x0000002c   Code   RO         5036    i.sqrtf             m_ws.l(sqrtf.o)
    0x08003344   0x08003344   0x00000028   Code   RO         4782    i.uxListRemove      list.o
    0x0800336c   0x0800336c   0x0000000c   Code   RO         4464    i.uxTaskGetNumberOfTasks  tasks.o
    0x08003378   0x08003378   0x0000001a   Code   RO         4783    i.vListInitialise   list.o
    0x08003392   0x08003392   0x00000006   Code   RO         4784    i.vListInitialiseItem  list.o
    0x08003398   0x08003398   0x00000034   Code   RO         4785    i.vListInsert       list.o
    0x080033cc   0x080033cc   0x00000024   Code   RO         4884    i.vPortEnterCritical  port.o
    0x080033f0   0x080033f0   0x00000020   Code   RO         4885    i.vPortExitCritical  port.o
    0x08003410   0x08003410   0x0000004c   Code   RO         4822    i.vPortFree         heap_4.o
    0x0800345c   0x0800345c   0x00000018   Code   RO         4886    i.vPortSetupTimerInterrupt  port.o
    0x08003474   0x08003474   0x00000034   Code   RO         4468    i.vTaskDelay        tasks.o
    0x080034a8   0x080034a8   0x00000018   Code   RO         4472    i.vTaskInternalSetTimeOutState  tasks.o
    0x080034c0   0x080034c0   0x0000000c   Code   RO         4473    i.vTaskMissedYield  tasks.o
    0x080034cc   0x080034cc   0x00000020   Code   RO         4474    i.vTaskPlaceOnEventList  tasks.o
    0x080034ec   0x080034ec   0x0000006c   Code   RO         4481    i.vTaskStartScheduler  tasks.o
    0x08003558   0x08003558   0x00000010   Code   RO         4483    i.vTaskSuspendAll   tasks.o
    0x08003568   0x08003568   0x00000060   Code   RO         4484    i.vTaskSwitchContext  tasks.o
    0x080035c8   0x080035c8   0x00000034   Code   RO         4887    i.xPortStartScheduler  port.o
    0x080035fc   0x080035fc   0x0000004c   Code   RO         4132    i.xQueueGenericCreate  queue.o
    0x08003648   0x08003648   0x000000a0   Code   RO         4133    i.xQueueGenericReset  queue.o
    0x080036e8   0x080036e8   0x00000148   Code   RO         4134    i.xQueueGenericSend  queue.o
    0x08003830   0x08003830   0x0000010c   Code   RO         4139    i.xQueuePeek        queue.o
    0x0800393c   0x0800393c   0x00000104   Code   RO         4141    i.xQueueReceive     queue.o
    0x08003a40   0x08003a40   0x00000060   Code   RO         4486    i.xTaskCheckForTimeOut  tasks.o
    0x08003aa0   0x08003aa0   0x00000068   Code   RO         4487    i.xTaskCreate       tasks.o
    0x08003b08   0x08003b08   0x00000074   Code   RO         4488    i.xTaskDelayUntil   tasks.o
    0x08003b7c   0x08003b7c   0x0000000c   Code   RO         4494    i.xTaskGetTickCount  tasks.o
    0x08003b88   0x08003b88   0x00000190   Code   RO         4496    i.xTaskIncrementTick  tasks.o
    0x08003d18   0x08003d18   0x000000ac   Code   RO         4497    i.xTaskPriorityDisinherit  tasks.o
    0x08003dc4   0x08003dc4   0x00000108   Code   RO         4499    i.xTaskRemoveFromEventList  tasks.o
    0x08003ecc   0x08003ecc   0x0000015c   Code   RO         4500    i.xTaskResumeAll    tasks.o
    0x08004028   0x08004028   0x000000c4   Code   RO         4997    x$fpl$fadd          fz_ws.l(faddsub_clz.o)
    0x080040ec   0x080040ec   0x0000000c   Code   RO         5123    x$fpl$fcheck1       fz_ws.l(fcheck1.o)
    0x080040f8   0x080040f8   0x00000018   Code   RO         5055    x$fpl$fcmpinf       fz_ws.l(fcmpi.o)
    0x08004110   0x08004110   0x00000184   Code   RO         5004    x$fpl$fdiv          fz_ws.l(fdiv.o)
    0x08004294   0x08004294   0x00000036   Code   RO         5007    x$fpl$ffix          fz_ws.l(ffix.o)
    0x080042ca   0x080042ca   0x00000002   PAD
    0x080042cc   0x080042cc   0x0000003e   Code   RO         5011    x$fpl$ffixu         fz_ws.l(ffixu.o)
    0x0800430a   0x0800430a   0x00000002   PAD
    0x0800430c   0x0800430c   0x00000030   Code   RO         5016    x$fpl$fflt          fz_ws.l(fflt_clz.o)
    0x0800433c   0x0800433c   0x00000026   Code   RO         5015    x$fpl$ffltu         fz_ws.l(fflt_clz.o)
    0x08004362   0x08004362   0x00000002   PAD
    0x08004364   0x08004364   0x00000068   Code   RO         5021    x$fpl$fleqf         fz_ws.l(fleqf.o)
    0x080043cc   0x080043cc   0x00000102   Code   RO         5023    x$fpl$fmul          fz_ws.l(fmul.o)
    0x080044ce   0x080044ce   0x0000008c   Code   RO         5057    x$fpl$fnaninf       fz_ws.l(fnaninf.o)
    0x0800455a   0x0800455a   0x0000000a   Code   RO         5059    x$fpl$fretinf       fz_ws.l(fretinf.o)
    0x08004564   0x08004564   0x00000062   Code   RO         5025    x$fpl$frleqf        fz_ws.l(frleqf.o)
    0x080045c6   0x080045c6   0x00000014   Code   RO         4998    x$fpl$frsb          fz_ws.l(faddsub_clz.o)
    0x080045da   0x080045da   0x00000002   PAD
    0x080045dc   0x080045dc   0x00000110   Code   RO         5061    x$fpl$fsqrt         fz_ws.l(fsqrt.o)
    0x080046ec   0x080046ec   0x000000ea   Code   RO         4999    x$fpl$fsub          fz_ws.l(faddsub_clz.o)
    0x080047d6   0x080047d6   0x00000064   Code   RO         5172    x$fpl$retnan        fz_ws.l(retnan.o)
    0x0800483a   0x0800483a   0x0000004c   Code   RO         5106    x$fpl$scalbnf       fz_ws.l(scalbnf.o)
    0x08004886   0x08004886   0x00000030   Code   RO         5185    x$fpl$trapveneer    fz_ws.l(trapv.o)
    0x080048b6   0x080048b6   0x00000000   Code   RO         5063    x$fpl$usenofp       fz_ws.l(usenofp.o)
    0x080048b6   0x080048b6   0x00000002   PAD
    0x080048b8   0x080048b8   0x00000020   Data   RO         5249    Region$$Table       anon$$obj.o


    Execution Region ER_RW (Exec base: 0x20000000, Load base: 0x080048d8, Size: 0x000000b0, Max: 0xffffffff, ABSOLUTE)

    Exec Addr    Load Addr    Size         Type   Attr      Idx    E Section Name        Object

    0x20000000   0x080048d8   0x0000001c   Data   RW          145    .data               main.o
    0x2000001c   0x080048f4   0x00000014   Data   RW         1968    .data               stm32f10x_rcc.o
    0x20000030   0x08004908   0x00000008   Data   RW         3362    .data               usart.o
    0x20000038   0x08004910   0x00000018   Data   RW         3666    .data               mpu6050.o
    0x20000050   0x08004928   0x00000040   Data   RW         4503    .data               tasks.o
    0x20000090   0x08004968   0x0000001c   Data   RW         4828    .data               heap_4.o
    0x200000ac   0x08004984   0x00000004   Data   RW         4888    .data               port.o


    Execution Region ER_ZI (Exec base: 0x200000b0, Load base: 0x08004988, Size: 0x000067f0, Max: 0xffffffff, ABSOLUTE)

    Exec Addr    Load Addr    Size         Type   Attr      Idx    E Section Name        Object

    0x200000b0        -       0x00000018   Zero   RW         3665    .bss                mpu6050.o
    0x200000c8        -       0x000000ac   Zero   RW         3973    .bss                fly_ctrl.o
    0x20000174        -       0x000000c8   Zero   RW         4502    .bss                tasks.o
    0x2000023c        -       0x00006000   Zero   RW         4827    .bss                heap_4.o
    0x2000623c        -       0x00000060   Zero   RW         5109    .bss                c_w.l(libspace.o)
    0x2000629c   0x08004988   0x00000004   PAD
    0x200062a0        -       0x00000200   Zero   RW            2    HEAP                startup_stm32f10x_md.o
    0x200064a0        -       0x00000400   Zero   RW            1    STACK               startup_stm32f10x_md.o


==============================================================================

Image component sizes


      Code (inc. data)   RO Data    RW Data    ZI Data      Debug   Object Name

        70          0          0          0          0        826   delay.o
         0          0          0          0          0      14320   event_groups.o
       644         98          0          0        172       3898   fly_ctrl.o
       520         58          0         28      24576       4127   heap_4.o
       954         62          0          0          0       7243   i2c.o
       124          0          0          0          0       2313   list.o
      2770       1392          0         28          0     224705   main.o
       112         12          0          0          0       2444   misc.o
      1228         78          0         24         24       8153   mpu6050.o
      1106         70          0          0          0      11299   nrf24l01.o
       184          0          0          0          0       2352   pid.o
       404         48          0          4          0       8188   port.o
        72         12          0          0          0       1752   pwm.o
      1590         20          0          0          0      13108   queue.o
        64         26        236          0       1536        776   startup_stm32f10x_md.o
       148          6          0          0          0       2892   stm32f10x_exti.o
       350          4          0          0          0      11494   stm32f10x_gpio.o
        20          0          0          0          0       2217   stm32f10x_it.o
       244         26          0         20          0      12197   stm32f10x_rcc.o
       112          0          0          0          0      10150   stm32f10x_spi.o
        10          0          0          0          0      21600   stm32f10x_tim.o
       274          6          0          0          0       9540   stm32f10x_usart.o
       328         28          0          0          0      35901   system_stm32f10x.o
      2690        342          0         64        200      29968   tasks.o
       170         12          0          8          0       3002   usart.o

    ----------------------------------------------------------------------
     14212       2300        268        176      26508     444465   Object Totals
         0          0         32          0          0          0   (incl. Generated)
        24          0          0          0          0          0   (incl. Padding)

    ----------------------------------------------------------------------

      Code (inc. data)   RO Data    RW Data    ZI Data      Debug   Library Member Name

         8          0          0          0          0         68   __main.o
       104          0          0          0          0         84   __printf.o
         0          0          0          0          0          0   __rtentry.o
        12          0          0          0          0          0   __rtentry2.o
         6          0          0          0          0          0   __rtentry4.o
        52          8          0          0          0          0   __scatter.o
        26          0          0          0          0          0   __scatter_copy.o
        28          0          0          0          0          0   __scatter_zi.o
        44          0          0          0          0        108   _printf_char.o
        48          6          0          0          0         96   _printf_char_common.o
        36          4          0          0          0         80   _printf_char_file.o
         6          0          0          0          0          0   _printf_d.o
       120         16          0          0          0         92   _printf_dec.o
       178          0          0          0          0         88   _printf_intcommon.o
         0          0          0          0          0          0   _printf_percent.o
         4          0          0          0          0          0   _printf_percent_end.o
         6          0          0          0          0          0   _printf_s.o
        82          0          0          0          0         80   _printf_str.o
        22          0          0          0          0        100   _rserrno.o
        18          0          0          0          0         80   exit.o
         8          0          0          0          0         68   ferror.o
         6          0          0          0          0        152   heapauxi.o
         2          0          0          0          0          0   libinit.o
         2          0          0          0          0          0   libinit2.o
         2          0          0          0          0          0   libshutdown.o
         2          0          0          0          0          0   libshutdown2.o
         8          4          0          0         96         68   libspace.o
        24          4          0          0          0         84   noretval__2printf.o
         8          4          0          0          0         68   rt_errno_addr_intlibspace.o
        78          0          0          0          0         80   rt_memclr_w.o
       138          0          0          0          0         68   rt_memcpy_v6.o
       100          0          0          0          0         80   rt_memcpy_w.o
         2          0          0          0          0          0   rtexit.o
        10          0          0          0          0          0   rtexit2.o
        74          0          0          0          0         80   sys_stackheap_outer.o
         2          0          0          0          0         68   use_no_semi.o
       450          8          0          0          0        236   faddsub_clz.o
        12          4          0          0          0         68   fcheck1.o
        24          0          0          0          0         68   fcmpi.o
       388         76          0          0          0         96   fdiv.o
        54          4          0          0          0         84   ffix.o
        62          4          0          0          0         84   ffixu.o
        86          0          0          0          0        136   fflt_clz.o
       104          4          0          0          0         84   fleqf.o
       258          4          0          0          0         84   fmul.o
       140          4          0          0          0         84   fnaninf.o
        10          0          0       